# Path: /Users/seanbollin/Library/Developer/Xcode/DerivedData/Stage1-gguoxlvksifkhefsulnzgssswlof/Build/Products/Debug/Stage1.dylib
# Arch: i386
# Object files:
[  0] linker synthesized
[  1] /Users/seanbollin/Library/Developer/Xcode/DerivedData/Stage1-gguoxlvksifkhefsulnzgssswlof/Build/Intermediates/Stage1.build/Debug/Stage1.build/Objects-normal/i386/Iw2DSceneGraph.o
[  2] /Users/seanbollin/Library/Developer/Xcode/DerivedData/Stage1-gguoxlvksifkhefsulnzgssswlof/Build/Intermediates/Stage1.build/Debug/Stage1.build/Objects-normal/i386/Program.o
[  3] /Users/seanbollin/Library/Developer/Xcode/DerivedData/Stage1-gguoxlvksifkhefsulnzgssswlof/Build/Intermediates/Stage1.build/Debug/Stage1.build/Objects-normal/i386/Shader.o
[  4] /Users/seanbollin/Library/Developer/Xcode/DerivedData/Stage1-gguoxlvksifkhefsulnzgssswlof/Build/Intermediates/Stage1.build/Debug/Stage1.build/Objects-normal/i386/input.o
[  5] /Users/seanbollin/Library/Developer/Xcode/DerivedData/Stage1-gguoxlvksifkhefsulnzgssswlof/Build/Intermediates/Stage1.build/Debug/Stage1.build/Objects-normal/i386/main.o
[  6] /Applications/Marmalade.app/Contents/modules/iwutil/lib/x86/darwin/libiwutil_d.a(IwHashString.o)
[  7] /Applications/Marmalade.app/Contents/modules/iwutil/lib/x86/darwin/libiwutil_d.a(IwManaged.o)
[  8] /Applications/Marmalade.app/Contents/modules/iwutil/lib/x86/darwin/libiwutil_d.a(IwManagedList.o)
[  9] /Applications/Marmalade.app/Contents/modules/iwutil/lib/x86/darwin/libiwutil_d.a(IwRuntime.o)
[ 10] /Applications/Marmalade.app/Contents/modules/iwutil/lib/x86/darwin/libiwutil_d.a(IwTextParserITX.o)
[ 11] /Applications/Marmalade.app/Contents/modules/iwutil/lib/x86/darwin/libiwutil_d.a(neuquant32.o)
[ 12] /Applications/Marmalade.app/Contents/modules/iwgeom/lib/x86/darwin/libiwgeom_d.a(IwGeomCore.o)
[ 13] /Applications/Marmalade.app/Contents/modules/iwgeom/lib/x86/darwin/libiwgeom_d.a(IwGeomPlane.o)
[ 14] /Applications/Marmalade.app/Contents/modules/iwgeom/lib/x86/darwin/libiwgeom_d.a(IwGeomSVec2.o)
[ 15] /Applications/Marmalade.app/Contents/modules/iwgeom/lib/x86/darwin/libiwgeom_d.a(IwGeomSVec3.o)
[ 16] /Applications/Marmalade.app/Contents/modules/iwgeom/lib/x86/darwin/libiwgeom_d.a(IwGeomSqrt.o)
[ 17] /Applications/Marmalade.app/Contents/modules/iwgeom/lib/x86/darwin/libiwgeom_d.a(IwGeomVec3.o)
[ 18] /Applications/Marmalade.app/Contents/modules/iwresmanager/lib/x86/darwin/libiwresmanager_d.a(IwResGroup.o)
[ 19] /Applications/Marmalade.app/Contents/modules/iwresmanager/lib/x86/darwin/libiwresmanager_d.a(IwResHandlerGROUP.o)
[ 20] /Applications/Marmalade.app/Contents/modules/iwresmanager/lib/x86/darwin/libiwresmanager_d.a(IwResManager.o)
[ 21] /Applications/Marmalade.app/Contents/modules/iwresmanager/lib/x86/darwin/libiwresmanager_d.a(IwResSerialise.o)
[ 22] /Applications/Marmalade.app/Contents/modules/iwgx/lib/x86/darwin/libiwgx_d.a(IwGxContextShadowGL.o)
[ 23] /Applications/Marmalade.app/Contents/modules/iwgx/lib/x86/darwin/libiwgx_d.a(IwGxMetricsGL.o)
[ 24] /Applications/Marmalade.app/Contents/modules/iwgx/lib/x86/darwin/libiwgx_d.a(IwGxRasterisationGL.o)
[ 25] /Applications/Marmalade.app/Contents/modules/iwgx/lib/x86/darwin/libiwgx_d.a(IwGxRasterisationGL2.o)
[ 26] /Applications/Marmalade.app/Contents/modules/iwgx/lib/x86/darwin/libiwgx_d.a(IwGxDebug.o)
[ 27] /Applications/Marmalade.app/Contents/modules/iwgx/lib/x86/darwin/libiwgx_d.a(IwGxMetrics.o)
[ 28] /Applications/Marmalade.app/Contents/modules/iwgx/lib/x86/darwin/libiwgx_d.a(IwGxPrint.o)
[ 29] /Applications/Marmalade.app/Contents/modules/iwgx/lib/x86/darwin/libiwgx_d.a(IwGxShaderTechnique.o)
[ 30] /Applications/Marmalade.app/Contents/modules/iwgx/lib/x86/darwin/libiwgx_d.a(IwGxSurface.o)
[ 31] /Applications/Marmalade.app/Contents/modules/iwgx/lib/x86/darwin/libiwgx_d.a(IwMaterial.o)
[ 32] /Applications/Marmalade.app/Contents/modules/iwgx/lib/x86/darwin/libiwgx_d.a(IwResHandlerMTL.o)
[ 33] /Applications/Marmalade.app/Contents/modules/iwgl/lib/x86/darwin/libiwgl_d.a(iwglstub_eglGetProcAddress.o)
[ 34] /Applications/Marmalade.app/Contents/modules/iwgl/lib/x86/darwin/libiwgl_d.a(iwglstub_glActiveTexture.o)
[ 35] /Applications/Marmalade.app/Contents/modules/iwgl/lib/x86/darwin/libiwgl_d.a(iwglstub_glAlphaFunc.o)
[ 36] /Applications/Marmalade.app/Contents/modules/iwgl/lib/x86/darwin/libiwgl_d.a(iwglstub_glAlphaFuncx.o)
[ 37] /Applications/Marmalade.app/Contents/modules/iwgl/lib/x86/darwin/libiwgl_d.a(iwglstub_glAttachShader.o)
[ 38] /Applications/Marmalade.app/Contents/modules/iwgl/lib/x86/darwin/libiwgl_d.a(iwglstub_glBindAttribLocation.o)
[ 39] /Applications/Marmalade.app/Contents/modules/iwgl/lib/x86/darwin/libiwgl_d.a(iwglstub_glBindBuffer.o)
[ 40] /Applications/Marmalade.app/Contents/modules/iwgl/lib/x86/darwin/libiwgl_d.a(iwglstub_glBindFramebuffer.o)
[ 41] /Applications/Marmalade.app/Contents/modules/iwgl/lib/x86/darwin/libiwgl_d.a(iwglstub_glBindRenderbuffer.o)
[ 42] /Applications/Marmalade.app/Contents/modules/iwgl/lib/x86/darwin/libiwgl_d.a(iwglstub_glBindTexture.o)
[ 43] /Applications/Marmalade.app/Contents/modules/iwgl/lib/x86/darwin/libiwgl_d.a(iwglstub_glBlendColor.o)
[ 44] /Applications/Marmalade.app/Contents/modules/iwgl/lib/x86/darwin/libiwgl_d.a(iwglstub_glBlendEquationSeparate.o)
[ 45] /Applications/Marmalade.app/Contents/modules/iwgl/lib/x86/darwin/libiwgl_d.a(iwglstub_glBlendFunc.o)
[ 46] /Applications/Marmalade.app/Contents/modules/iwgl/lib/x86/darwin/libiwgl_d.a(iwglstub_glBlendFuncSeparate.o)
[ 47] /Applications/Marmalade.app/Contents/modules/iwgl/lib/x86/darwin/libiwgl_d.a(iwglstub_glCheckFramebufferStatus.o)
[ 48] /Applications/Marmalade.app/Contents/modules/iwgl/lib/x86/darwin/libiwgl_d.a(iwglstub_glClear.o)
[ 49] /Applications/Marmalade.app/Contents/modules/iwgl/lib/x86/darwin/libiwgl_d.a(iwglstub_glClearColor.o)
[ 50] /Applications/Marmalade.app/Contents/modules/iwgl/lib/x86/darwin/libiwgl_d.a(iwglstub_glClearColorx.o)
[ 51] /Applications/Marmalade.app/Contents/modules/iwgl/lib/x86/darwin/libiwgl_d.a(iwglstub_glClearDepthf.o)
[ 52] /Applications/Marmalade.app/Contents/modules/iwgl/lib/x86/darwin/libiwgl_d.a(iwglstub_glClearDepthx.o)
[ 53] /Applications/Marmalade.app/Contents/modules/iwgl/lib/x86/darwin/libiwgl_d.a(iwglstub_glClearStencil.o)
[ 54] /Applications/Marmalade.app/Contents/modules/iwgl/lib/x86/darwin/libiwgl_d.a(iwglstub_glClientActiveTexture.o)
[ 55] /Applications/Marmalade.app/Contents/modules/iwgl/lib/x86/darwin/libiwgl_d.a(iwglstub_glClipPlanef.o)
[ 56] /Applications/Marmalade.app/Contents/modules/iwgl/lib/x86/darwin/libiwgl_d.a(iwglstub_glClipPlanex.o)
[ 57] /Applications/Marmalade.app/Contents/modules/iwgl/lib/x86/darwin/libiwgl_d.a(iwglstub_glColor4f.o)
[ 58] /Applications/Marmalade.app/Contents/modules/iwgl/lib/x86/darwin/libiwgl_d.a(iwglstub_glColor4x.o)
[ 59] /Applications/Marmalade.app/Contents/modules/iwgl/lib/x86/darwin/libiwgl_d.a(iwglstub_glColorMask.o)
[ 60] /Applications/Marmalade.app/Contents/modules/iwgl/lib/x86/darwin/libiwgl_d.a(iwglstub_glColorPointer.o)
[ 61] /Applications/Marmalade.app/Contents/modules/iwgl/lib/x86/darwin/libiwgl_d.a(iwglstub_glCompileShader.o)
[ 62] /Applications/Marmalade.app/Contents/modules/iwgl/lib/x86/darwin/libiwgl_d.a(iwglstub_glCompressedTexImage2D.o)
[ 63] /Applications/Marmalade.app/Contents/modules/iwgl/lib/x86/darwin/libiwgl_d.a(iwglstub_glCreateProgram.o)
[ 64] /Applications/Marmalade.app/Contents/modules/iwgl/lib/x86/darwin/libiwgl_d.a(iwglstub_glCreateShader.o)
[ 65] /Applications/Marmalade.app/Contents/modules/iwgl/lib/x86/darwin/libiwgl_d.a(iwglstub_glCullFace.o)
[ 66] /Applications/Marmalade.app/Contents/modules/iwgl/lib/x86/darwin/libiwgl_d.a(iwglstub_glDeleteFramebuffers.o)
[ 67] /Applications/Marmalade.app/Contents/modules/iwgl/lib/x86/darwin/libiwgl_d.a(iwglstub_glDeleteProgram.o)
[ 68] /Applications/Marmalade.app/Contents/modules/iwgl/lib/x86/darwin/libiwgl_d.a(iwglstub_glDeleteRenderbuffers.o)
[ 69] /Applications/Marmalade.app/Contents/modules/iwgl/lib/x86/darwin/libiwgl_d.a(iwglstub_glDeleteShader.o)
[ 70] /Applications/Marmalade.app/Contents/modules/iwgl/lib/x86/darwin/libiwgl_d.a(iwglstub_glDepthFunc.o)
[ 71] /Applications/Marmalade.app/Contents/modules/iwgl/lib/x86/darwin/libiwgl_d.a(iwglstub_glDepthMask.o)
[ 72] /Applications/Marmalade.app/Contents/modules/iwgl/lib/x86/darwin/libiwgl_d.a(iwglstub_glDepthRangef.o)
[ 73] /Applications/Marmalade.app/Contents/modules/iwgl/lib/x86/darwin/libiwgl_d.a(iwglstub_glDepthRangex.o)
[ 74] /Applications/Marmalade.app/Contents/modules/iwgl/lib/x86/darwin/libiwgl_d.a(iwglstub_glDisable.o)
[ 75] /Applications/Marmalade.app/Contents/modules/iwgl/lib/x86/darwin/libiwgl_d.a(iwglstub_glDisableClientState.o)
[ 76] /Applications/Marmalade.app/Contents/modules/iwgl/lib/x86/darwin/libiwgl_d.a(iwglstub_glDisableVertexAttribArray.o)
[ 77] /Applications/Marmalade.app/Contents/modules/iwgl/lib/x86/darwin/libiwgl_d.a(iwglstub_glDrawArrays.o)
[ 78] /Applications/Marmalade.app/Contents/modules/iwgl/lib/x86/darwin/libiwgl_d.a(iwglstub_glDrawElements.o)
[ 79] /Applications/Marmalade.app/Contents/modules/iwgl/lib/x86/darwin/libiwgl_d.a(iwglstub_glEnable.o)
[ 80] /Applications/Marmalade.app/Contents/modules/iwgl/lib/x86/darwin/libiwgl_d.a(iwglstub_glEnableClientState.o)
[ 81] /Applications/Marmalade.app/Contents/modules/iwgl/lib/x86/darwin/libiwgl_d.a(iwglstub_glEnableVertexAttribArray.o)
[ 82] /Applications/Marmalade.app/Contents/modules/iwgl/lib/x86/darwin/libiwgl_d.a(iwglstub_glFogf.o)
[ 83] /Applications/Marmalade.app/Contents/modules/iwgl/lib/x86/darwin/libiwgl_d.a(iwglstub_glFogfv.o)
[ 84] /Applications/Marmalade.app/Contents/modules/iwgl/lib/x86/darwin/libiwgl_d.a(iwglstub_glFogx.o)
[ 85] /Applications/Marmalade.app/Contents/modules/iwgl/lib/x86/darwin/libiwgl_d.a(iwglstub_glFogxv.o)
[ 86] /Applications/Marmalade.app/Contents/modules/iwgl/lib/x86/darwin/libiwgl_d.a(iwglstub_glFramebufferRenderbuffer.o)
[ 87] /Applications/Marmalade.app/Contents/modules/iwgl/lib/x86/darwin/libiwgl_d.a(iwglstub_glFramebufferTexture2D.o)
[ 88] /Applications/Marmalade.app/Contents/modules/iwgl/lib/x86/darwin/libiwgl_d.a(iwglstub_glFrontFace.o)
[ 89] /Applications/Marmalade.app/Contents/modules/iwgl/lib/x86/darwin/libiwgl_d.a(iwglstub_glGenFramebuffers.o)
[ 90] /Applications/Marmalade.app/Contents/modules/iwgl/lib/x86/darwin/libiwgl_d.a(iwglstub_glGenRenderbuffers.o)
[ 91] /Applications/Marmalade.app/Contents/modules/iwgl/lib/x86/darwin/libiwgl_d.a(iwglstub_glGenerateMipmap.o)
[ 92] /Applications/Marmalade.app/Contents/modules/iwgl/lib/x86/darwin/libiwgl_d.a(iwglstub_glGetAttribLocation.o)
[ 93] /Applications/Marmalade.app/Contents/modules/iwgl/lib/x86/darwin/libiwgl_d.a(iwglstub_glGetError.o)
[ 94] /Applications/Marmalade.app/Contents/modules/iwgl/lib/x86/darwin/libiwgl_d.a(iwglstub_glGetFloatv.o)
[ 95] /Applications/Marmalade.app/Contents/modules/iwgl/lib/x86/darwin/libiwgl_d.a(iwglstub_glGetFramebufferAttachmentParameteriv.o)
[ 96] /Applications/Marmalade.app/Contents/modules/iwgl/lib/x86/darwin/libiwgl_d.a(iwglstub_glGetIntegerv.o)
[ 97] /Applications/Marmalade.app/Contents/modules/iwgl/lib/x86/darwin/libiwgl_d.a(iwglstub_glGetProgramInfoLog.o)
[ 98] /Applications/Marmalade.app/Contents/modules/iwgl/lib/x86/darwin/libiwgl_d.a(iwglstub_glGetProgramiv.o)
[ 99] /Applications/Marmalade.app/Contents/modules/iwgl/lib/x86/darwin/libiwgl_d.a(iwglstub_glGetRenderbufferParameteriv.o)
[100] /Applications/Marmalade.app/Contents/modules/iwgl/lib/x86/darwin/libiwgl_d.a(iwglstub_glGetShaderInfoLog.o)
[101] /Applications/Marmalade.app/Contents/modules/iwgl/lib/x86/darwin/libiwgl_d.a(iwglstub_glGetShaderiv.o)
[102] /Applications/Marmalade.app/Contents/modules/iwgl/lib/x86/darwin/libiwgl_d.a(iwglstub_glGetUniformLocation.o)
[103] /Applications/Marmalade.app/Contents/modules/iwgl/lib/x86/darwin/libiwgl_d.a(iwglstub_glHint.o)
[104] /Applications/Marmalade.app/Contents/modules/iwgl/lib/x86/darwin/libiwgl_d.a(iwglstub_glIsFramebuffer.o)
[105] /Applications/Marmalade.app/Contents/modules/iwgl/lib/x86/darwin/libiwgl_d.a(iwglstub_glIsRenderbuffer.o)
[106] /Applications/Marmalade.app/Contents/modules/iwgl/lib/x86/darwin/libiwgl_d.a(iwglstub_glLightModelf.o)
[107] /Applications/Marmalade.app/Contents/modules/iwgl/lib/x86/darwin/libiwgl_d.a(iwglstub_glLightModelfv.o)
[108] /Applications/Marmalade.app/Contents/modules/iwgl/lib/x86/darwin/libiwgl_d.a(iwglstub_glLightModelx.o)
[109] /Applications/Marmalade.app/Contents/modules/iwgl/lib/x86/darwin/libiwgl_d.a(iwglstub_glLightModelxv.o)
[110] /Applications/Marmalade.app/Contents/modules/iwgl/lib/x86/darwin/libiwgl_d.a(iwglstub_glLightf.o)
[111] /Applications/Marmalade.app/Contents/modules/iwgl/lib/x86/darwin/libiwgl_d.a(iwglstub_glLightfv.o)
[112] /Applications/Marmalade.app/Contents/modules/iwgl/lib/x86/darwin/libiwgl_d.a(iwglstub_glLightx.o)
[113] /Applications/Marmalade.app/Contents/modules/iwgl/lib/x86/darwin/libiwgl_d.a(iwglstub_glLightxv.o)
[114] /Applications/Marmalade.app/Contents/modules/iwgl/lib/x86/darwin/libiwgl_d.a(iwglstub_glLineWidth.o)
[115] /Applications/Marmalade.app/Contents/modules/iwgl/lib/x86/darwin/libiwgl_d.a(iwglstub_glLineWidthx.o)
[116] /Applications/Marmalade.app/Contents/modules/iwgl/lib/x86/darwin/libiwgl_d.a(iwglstub_glLinkProgram.o)
[117] /Applications/Marmalade.app/Contents/modules/iwgl/lib/x86/darwin/libiwgl_d.a(iwglstub_glLoadIdentity.o)
[118] /Applications/Marmalade.app/Contents/modules/iwgl/lib/x86/darwin/libiwgl_d.a(iwglstub_glLoadMatrixf.o)
[119] /Applications/Marmalade.app/Contents/modules/iwgl/lib/x86/darwin/libiwgl_d.a(iwglstub_glLogicOp.o)
[120] /Applications/Marmalade.app/Contents/modules/iwgl/lib/x86/darwin/libiwgl_d.a(iwglstub_glMaterialf.o)
[121] /Applications/Marmalade.app/Contents/modules/iwgl/lib/x86/darwin/libiwgl_d.a(iwglstub_glMaterialfv.o)
[122] /Applications/Marmalade.app/Contents/modules/iwgl/lib/x86/darwin/libiwgl_d.a(iwglstub_glMaterialx.o)
[123] /Applications/Marmalade.app/Contents/modules/iwgl/lib/x86/darwin/libiwgl_d.a(iwglstub_glMaterialxv.o)
[124] /Applications/Marmalade.app/Contents/modules/iwgl/lib/x86/darwin/libiwgl_d.a(iwglstub_glMatrixMode.o)
[125] /Applications/Marmalade.app/Contents/modules/iwgl/lib/x86/darwin/libiwgl_d.a(iwglstub_glMultMatrixf.o)
[126] /Applications/Marmalade.app/Contents/modules/iwgl/lib/x86/darwin/libiwgl_d.a(iwglstub_glMultiTexCoord4f.o)
[127] /Applications/Marmalade.app/Contents/modules/iwgl/lib/x86/darwin/libiwgl_d.a(iwglstub_glMultiTexCoord4x.o)
[128] /Applications/Marmalade.app/Contents/modules/iwgl/lib/x86/darwin/libiwgl_d.a(iwglstub_glNormal3f.o)
[129] /Applications/Marmalade.app/Contents/modules/iwgl/lib/x86/darwin/libiwgl_d.a(iwglstub_glNormal3x.o)
[130] /Applications/Marmalade.app/Contents/modules/iwgl/lib/x86/darwin/libiwgl_d.a(iwglstub_glNormalPointer.o)
[131] /Applications/Marmalade.app/Contents/modules/iwgl/lib/x86/darwin/libiwgl_d.a(iwglstub_glPixelStorei.o)
[132] /Applications/Marmalade.app/Contents/modules/iwgl/lib/x86/darwin/libiwgl_d.a(iwglstub_glPolygonOffset.o)
[133] /Applications/Marmalade.app/Contents/modules/iwgl/lib/x86/darwin/libiwgl_d.a(iwglstub_glPolygonOffsetx.o)
[134] /Applications/Marmalade.app/Contents/modules/iwgl/lib/x86/darwin/libiwgl_d.a(iwglstub_glReadPixels.o)
[135] /Applications/Marmalade.app/Contents/modules/iwgl/lib/x86/darwin/libiwgl_d.a(iwglstub_glRenderbufferStorage.o)
[136] /Applications/Marmalade.app/Contents/modules/iwgl/lib/x86/darwin/libiwgl_d.a(iwglstub_glRotatef.o)
[137] /Applications/Marmalade.app/Contents/modules/iwgl/lib/x86/darwin/libiwgl_d.a(iwglstub_glScissor.o)
[138] /Applications/Marmalade.app/Contents/modules/iwgl/lib/x86/darwin/libiwgl_d.a(iwglstub_glShadeModel.o)
[139] /Applications/Marmalade.app/Contents/modules/iwgl/lib/x86/darwin/libiwgl_d.a(iwglstub_glShaderSource.o)
[140] /Applications/Marmalade.app/Contents/modules/iwgl/lib/x86/darwin/libiwgl_d.a(iwglstub_glStencilFunc.o)
[141] /Applications/Marmalade.app/Contents/modules/iwgl/lib/x86/darwin/libiwgl_d.a(iwglstub_glStencilFuncSeparate.o)
[142] /Applications/Marmalade.app/Contents/modules/iwgl/lib/x86/darwin/libiwgl_d.a(iwglstub_glStencilMask.o)
[143] /Applications/Marmalade.app/Contents/modules/iwgl/lib/x86/darwin/libiwgl_d.a(iwglstub_glStencilMaskSeparate.o)
[144] /Applications/Marmalade.app/Contents/modules/iwgl/lib/x86/darwin/libiwgl_d.a(iwglstub_glStencilOp.o)
[145] /Applications/Marmalade.app/Contents/modules/iwgl/lib/x86/darwin/libiwgl_d.a(iwglstub_glStencilOpSeparate.o)
[146] /Applications/Marmalade.app/Contents/modules/iwgl/lib/x86/darwin/libiwgl_d.a(iwglstub_glTexCoordPointer.o)
[147] /Applications/Marmalade.app/Contents/modules/iwgl/lib/x86/darwin/libiwgl_d.a(iwglstub_glTexEnvf.o)
[148] /Applications/Marmalade.app/Contents/modules/iwgl/lib/x86/darwin/libiwgl_d.a(iwglstub_glTexEnvfv.o)
[149] /Applications/Marmalade.app/Contents/modules/iwgl/lib/x86/darwin/libiwgl_d.a(iwglstub_glTexEnvi.o)
[150] /Applications/Marmalade.app/Contents/modules/iwgl/lib/x86/darwin/libiwgl_d.a(iwglstub_glTexEnvx.o)
[151] /Applications/Marmalade.app/Contents/modules/iwgl/lib/x86/darwin/libiwgl_d.a(iwglstub_glTexEnvxv.o)
[152] /Applications/Marmalade.app/Contents/modules/iwgl/lib/x86/darwin/libiwgl_d.a(iwglstub_glTexImage2D.o)
[153] /Applications/Marmalade.app/Contents/modules/iwgl/lib/x86/darwin/libiwgl_d.a(iwglstub_glTexParameteri.o)
[154] /Applications/Marmalade.app/Contents/modules/iwgl/lib/x86/darwin/libiwgl_d.a(iwglstub_glTexParameterx.o)
[155] /Applications/Marmalade.app/Contents/modules/iwgl/lib/x86/darwin/libiwgl_d.a(iwglstub_glUniform1i.o)
[156] /Applications/Marmalade.app/Contents/modules/iwgl/lib/x86/darwin/libiwgl_d.a(iwglstub_glUniform4f.o)
[157] /Applications/Marmalade.app/Contents/modules/iwgl/lib/x86/darwin/libiwgl_d.a(iwglstub_glUniformMatrix4fv.o)
[158] /Applications/Marmalade.app/Contents/modules/iwgl/lib/x86/darwin/libiwgl_d.a(iwglstub_glUseProgram.o)
[159] /Applications/Marmalade.app/Contents/modules/iwgl/lib/x86/darwin/libiwgl_d.a(iwglstub_glVertexAttribPointer.o)
[160] /Applications/Marmalade.app/Contents/modules/iwgl/lib/x86/darwin/libiwgl_d.a(iwglstub_glVertexPointer.o)
[161] /Applications/Marmalade.app/Contents/modules/iwgl/lib/x86/darwin/libiwgl_d.a(iwglstub_glViewport.o)
[162] /Applications/Marmalade.app/Contents/modules/iwgl/lib/x86/darwin/libiwgl_d.a(IwEGLHelper.o)
[163] /Applications/Marmalade.app/Contents/modules/iwgl/lib/x86/darwin/libiwgl_d.a(IwGL.o)
[164] /Applications/Marmalade.app/Contents/modules/iwgl/lib/x86/darwin/libiwgl_d.a(IwGLDrawRect.o)
[165] /Applications/Marmalade.app/Contents/modules/iwgl/lib/x86/darwin/libiwgl_d.a(IwGLEGL.o)
[166] /Applications/Marmalade.app/Contents/modules/iwgl/lib/x86/darwin/libiwgl_d.a(IwGLEnum.o)
[167] /Applications/Marmalade.app/Contents/modules/iwgl/lib/x86/darwin/libiwgl_d.a(IwGLExt.o)
[168] /Applications/Marmalade.app/Contents/modules/iwgl/lib/x86/darwin/libiwgl_d.a(IwGLFBOCache.o)
[169] /Applications/Marmalade.app/Contents/modules/iwgl/lib/x86/darwin/libiwgl_d.a(IwGLFBOObj.o)
[170] /Applications/Marmalade.app/Contents/modules/iwgl/lib/x86/darwin/libiwgl_d.a(IwGLGet.o)
[171] /Applications/Marmalade.app/Contents/modules/iwgl/lib/x86/darwin/libiwgl_d.a(IwGLShaderCache.o)
[172] /Applications/Marmalade.app/Contents/modules/iwgl/lib/x86/darwin/libiwgl_d.a(IwGLShaderObj.o)
[173] /Applications/Marmalade.app/Contents/modules/iwgl/lib/x86/darwin/libiwgl_d.a(IwGLStateCache.o)
[174] /Applications/Marmalade.app/Contents/modules/iwgl/lib/x86/darwin/libiwgl_d.a(IwGLTexCache.o)
[175] /Applications/Marmalade.app/Contents/modules/iwgl/lib/x86/darwin/libiwgl_d.a(IwGLTexObj.o)
[176] /Applications/Marmalade.app/Contents/modules/iwgl/lib/x86/darwin/libiwgl_d.a(IwGLVBOCache.o)
[177] /Applications/Marmalade.app/Contents/modules/iwgl/lib/x86/darwin/libiwgl_d.a(IwGLVBOObj.o)
[178] /Applications/Marmalade.app/Contents/modules/iwgl/lib/x86/darwin/libiwgl_d.a(IwGLVirtualRes.o)
[179] /Applications/Marmalade.app/Contents/modules/iwgl/lib/x86/darwin/libiwgl_d.a(IwGLWrappers.o)
[180] /Applications/Marmalade.app/Contents/modules/iwgxfont/lib/x86/darwin/libiwgxfont_d.a(IwGxFontCharMap.o)
[181] /Applications/Marmalade.app/Contents/modules/iwgxfont/lib/x86/darwin/libiwgxfont_d.a(IwGxFontGlyphCache.o)
[182] /Applications/Marmalade.app/Contents/modules/iwgxfont/lib/x86/darwin/libiwgxfont_d.a(IwResHandlerGXFONT.o)
[183] /Applications/Marmalade.app/Contents/modules/iw2d/lib/x86/darwin/libiw2d_d.a(Iw2DBatcher.o)
[184] /Applications/Marmalade.app/Contents/modules/iw2d/lib/x86/darwin/libiw2d_d.a(Iw2DPrim.o)
[185] /Applications/Marmalade.app/Contents/modules/iw2d/lib/x86/darwin/libiw2d_d.a(Iw2DString.o)
[186] /Applications/Marmalade.app/Contents/s3e/lib/x86/darwin/libs3e_cpp_d.a(codecvt.o)
[187] /Applications/Marmalade.app/Contents/s3e/lib/x86/darwin/libs3e_cpp_d.a(collate.o)
[188] /Applications/Marmalade.app/Contents/s3e/lib/x86/darwin/libs3e_cpp_d.a(ctype.o)
[189] /Applications/Marmalade.app/Contents/s3e/lib/x86/darwin/libs3e_cpp_d.a(dll_main.o)
[190] /Applications/Marmalade.app/Contents/s3e/lib/x86/darwin/libs3e_cpp_d.a(fstream.o)
[191] /Applications/Marmalade.app/Contents/s3e/lib/x86/darwin/libs3e_cpp_d.a(ios.o)
[192] /Applications/Marmalade.app/Contents/s3e/lib/x86/darwin/libs3e_cpp_d.a(iostream.o)
[193] /Applications/Marmalade.app/Contents/s3e/lib/x86/darwin/libs3e_cpp_d.a(locale_impl.o)
[194] /Applications/Marmalade.app/Contents/s3e/lib/x86/darwin/libs3e_cpp_d.a(messages.o)
[195] /Applications/Marmalade.app/Contents/s3e/lib/x86/darwin/libs3e_cpp_d.a(monetary.o)
[196] /Applications/Marmalade.app/Contents/s3e/lib/x86/darwin/libs3e_cpp_d.a(num_get.o)
[197] /Applications/Marmalade.app/Contents/s3e/lib/x86/darwin/libs3e_cpp_d.a(num_get_float.o)
[198] /Applications/Marmalade.app/Contents/s3e/lib/x86/darwin/libs3e_cpp_d.a(num_put.o)
[199] /Applications/Marmalade.app/Contents/s3e/lib/x86/darwin/libs3e_cpp_d.a(num_put_float.o)
[200] /Applications/Marmalade.app/Contents/s3e/lib/x86/darwin/libs3e_cpp_d.a(numpunct.o)
[201] /Applications/Marmalade.app/Contents/s3e/lib/x86/darwin/libs3e_cpp_d.a(stdio_streambuf.o)
[202] /Applications/Marmalade.app/Contents/s3e/lib/x86/darwin/libs3e_cpp_d.a(time_facets.o)
[203] /Applications/Marmalade.app/Contents/s3e/lib/x86/darwin/libs3e_cpp_d.a(array_delete.o)
[204] /Applications/Marmalade.app/Contents/s3e/lib/x86/darwin/libs3e_cpp_d.a(array_new.o)
[205] /Applications/Marmalade.app/Contents/s3e/lib/x86/darwin/libs3e_cpp_d.a(delete.o)
[206] /Applications/Marmalade.app/Contents/s3e/lib/x86/darwin/libs3e_cpp_d.a(new.o)
[207] /Applications/Marmalade.app/Contents/s3e/lib/x86/darwin/libs3e_d.a(iwcrt_common.o)
[208] /Applications/Marmalade.app/Contents/s3e/lib/x86/darwin/libs3e_d.a(iwmain.o)
[209] /Applications/Marmalade.app/Contents/s3e/lib/x86/darwin/libs3e_d.a(malloc.o)
[210] /Applications/Marmalade.app/Contents/s3e/lib/x86/darwin/libs3e_d.a(pthread_cleanup.o)
[211] /Applications/Marmalade.app/Contents/s3e/lib/x86/darwin/libs3e_d.a(pthread_mutex.o)
[212] /Applications/Marmalade.app/Contents/s3e/lib/x86/darwin/libs3e_d.a(pthread_tls.o)
[213] /Applications/Marmalade.app/Contents/s3e/lib/x86/darwin/libs3e_d.a(pthreads.o)
[214] /Applications/Marmalade.app/Contents/s3e/lib/x86/darwin/libs3e_d.a(signal.o)
[215] /Applications/Marmalade.app/Contents/s3e/lib/x86/darwin/libs3e_d.a(sockets.o)
[216] /Applications/Marmalade.app/Contents/s3e/lib/x86/darwin/libs3e_d.a(stdlib.o)
[217] /Applications/Marmalade.app/Contents/s3e/lib/x86/darwin/libs3e_d.a(stdout.o)
[218] /Applications/Marmalade.app/Contents/s3e/lib/x86/darwin/libs3e_d.a(string.o)
[219] /Applications/Marmalade.app/Contents/s3e/lib/x86/darwin/libs3e_d.a(time.o)
[220] /Applications/Marmalade.app/Contents/s3e/lib/x86/darwin/libs3e_d.a(s3eMalloc_eapi.o)
[221] /Applications/Marmalade.app/Contents/s3e/lib/x86/darwin/libs3e_d.a(s3eMemory_eapi.o)
[222] /Applications/Marmalade.app/Contents/s3e/lib/x86/darwin/libs3e_d.a(IwAllocator.o)
[223] /Applications/Marmalade.app/Contents/s3e/lib/x86/darwin/libs3e_d.a(IwDebug.o)
[224] /Applications/Marmalade.app/Contents/s3e/lib/x86/darwin/libs3e_d.a(IwPath.o)
[225] /Applications/Marmalade.app/Contents/s3e/lib/x86/darwin/libs3e_d.a(s3eMetrics_interface.o)
[226] /Applications/Marmalade.app/Contents/s3e/lib/x86/darwin/libs3e_d.a(s3eOSExec_interface.o)
[227] /Applications/Marmalade.app/Contents/s3e/lib/x86/darwin/libs3e_d.a(s3eThread_interface.o)
[228] /Applications/Marmalade.app/Contents/s3e/lib/x86/darwin/libs3e_d.a(iwcrt_gcc_init.o)
[229] /Applications/Marmalade.app/Contents/s3e/lib/x86/darwin/libs3e_d.a(newlib_impl.o)
[230] /Applications/Marmalade.app/Contents/s3e/lib/x86/darwin/libs3e_d.a(iwcrt_api_bind.o)
[231] /Applications/Marmalade.app/Contents/s3e/lib/x86/darwin/libs3e_d.a(iwcrt_gcc_x86.o)
[232] /Applications/Marmalade.app/Contents/s3e/lib/x86/darwin/libs3e_d.a(iwcrt_osx.o)
[233] /Applications/Marmalade.app/Contents/s3e/lib/x86/darwin/libs3e_api.a(__eglGetProcAddress.o)
[234] /Applications/Marmalade.app/Contents/s3e/lib/x86/darwin/libs3e_api.a(__glActiveTexture.o)
[235] /Applications/Marmalade.app/Contents/s3e/lib/x86/darwin/libs3e_api.a(__glAlphaFunc.o)
[236] /Applications/Marmalade.app/Contents/s3e/lib/x86/darwin/libs3e_api.a(__glAlphaFuncx.o)
[237] /Applications/Marmalade.app/Contents/s3e/lib/x86/darwin/libs3e_api.a(__glAttachShader.o)
[238] /Applications/Marmalade.app/Contents/s3e/lib/x86/darwin/libs3e_api.a(__glBindAttribLocation.o)
[239] /Applications/Marmalade.app/Contents/s3e/lib/x86/darwin/libs3e_api.a(__glBindBuffer.o)
[240] /Applications/Marmalade.app/Contents/s3e/lib/x86/darwin/libs3e_api.a(__glBindFramebuffer.o)
[241] /Applications/Marmalade.app/Contents/s3e/lib/x86/darwin/libs3e_api.a(__glBindRenderbuffer.o)
[242] /Applications/Marmalade.app/Contents/s3e/lib/x86/darwin/libs3e_api.a(__glBindTexture.o)
[243] /Applications/Marmalade.app/Contents/s3e/lib/x86/darwin/libs3e_api.a(__glBlendColor.o)
[244] /Applications/Marmalade.app/Contents/s3e/lib/x86/darwin/libs3e_api.a(__glBlendEquationSeparate.o)
[245] /Applications/Marmalade.app/Contents/s3e/lib/x86/darwin/libs3e_api.a(__glBlendFunc.o)
[246] /Applications/Marmalade.app/Contents/s3e/lib/x86/darwin/libs3e_api.a(__glBlendFuncSeparate.o)
[247] /Applications/Marmalade.app/Contents/s3e/lib/x86/darwin/libs3e_api.a(__glBufferData.o)
[248] /Applications/Marmalade.app/Contents/s3e/lib/x86/darwin/libs3e_api.a(__glCheckFramebufferStatus.o)
[249] /Applications/Marmalade.app/Contents/s3e/lib/x86/darwin/libs3e_api.a(__glClear.o)
[250] /Applications/Marmalade.app/Contents/s3e/lib/x86/darwin/libs3e_api.a(__glClearColor.o)
[251] /Applications/Marmalade.app/Contents/s3e/lib/x86/darwin/libs3e_api.a(__glClearColorx.o)
[252] /Applications/Marmalade.app/Contents/s3e/lib/x86/darwin/libs3e_api.a(__glClearDepthf.o)
[253] /Applications/Marmalade.app/Contents/s3e/lib/x86/darwin/libs3e_api.a(__glClearDepthx.o)
[254] /Applications/Marmalade.app/Contents/s3e/lib/x86/darwin/libs3e_api.a(__glClearStencil.o)
[255] /Applications/Marmalade.app/Contents/s3e/lib/x86/darwin/libs3e_api.a(__glClientActiveTexture.o)
[256] /Applications/Marmalade.app/Contents/s3e/lib/x86/darwin/libs3e_api.a(__glClipPlanef.o)
[257] /Applications/Marmalade.app/Contents/s3e/lib/x86/darwin/libs3e_api.a(__glClipPlanex.o)
[258] /Applications/Marmalade.app/Contents/s3e/lib/x86/darwin/libs3e_api.a(__glColor4f.o)
[259] /Applications/Marmalade.app/Contents/s3e/lib/x86/darwin/libs3e_api.a(__glColor4x.o)
[260] /Applications/Marmalade.app/Contents/s3e/lib/x86/darwin/libs3e_api.a(__glColorMask.o)
[261] /Applications/Marmalade.app/Contents/s3e/lib/x86/darwin/libs3e_api.a(__glColorPointer.o)
[262] /Applications/Marmalade.app/Contents/s3e/lib/x86/darwin/libs3e_api.a(__glCompileShader.o)
[263] /Applications/Marmalade.app/Contents/s3e/lib/x86/darwin/libs3e_api.a(__glCompressedTexImage2D.o)
[264] /Applications/Marmalade.app/Contents/s3e/lib/x86/darwin/libs3e_api.a(__glCreateProgram.o)
[265] /Applications/Marmalade.app/Contents/s3e/lib/x86/darwin/libs3e_api.a(__glCreateShader.o)
[266] /Applications/Marmalade.app/Contents/s3e/lib/x86/darwin/libs3e_api.a(__glCullFace.o)
[267] /Applications/Marmalade.app/Contents/s3e/lib/x86/darwin/libs3e_api.a(__glDeleteBuffers.o)
[268] /Applications/Marmalade.app/Contents/s3e/lib/x86/darwin/libs3e_api.a(__glDeleteFramebuffers.o)
[269] /Applications/Marmalade.app/Contents/s3e/lib/x86/darwin/libs3e_api.a(__glDeleteProgram.o)
[270] /Applications/Marmalade.app/Contents/s3e/lib/x86/darwin/libs3e_api.a(__glDeleteRenderbuffers.o)
[271] /Applications/Marmalade.app/Contents/s3e/lib/x86/darwin/libs3e_api.a(__glDeleteShader.o)
[272] /Applications/Marmalade.app/Contents/s3e/lib/x86/darwin/libs3e_api.a(__glDeleteTextures.o)
[273] /Applications/Marmalade.app/Contents/s3e/lib/x86/darwin/libs3e_api.a(__glDepthFunc.o)
[274] /Applications/Marmalade.app/Contents/s3e/lib/x86/darwin/libs3e_api.a(__glDepthMask.o)
[275] /Applications/Marmalade.app/Contents/s3e/lib/x86/darwin/libs3e_api.a(__glDepthRangef.o)
[276] /Applications/Marmalade.app/Contents/s3e/lib/x86/darwin/libs3e_api.a(__glDepthRangex.o)
[277] /Applications/Marmalade.app/Contents/s3e/lib/x86/darwin/libs3e_api.a(__glDisable.o)
[278] /Applications/Marmalade.app/Contents/s3e/lib/x86/darwin/libs3e_api.a(__glDisableClientState.o)
[279] /Applications/Marmalade.app/Contents/s3e/lib/x86/darwin/libs3e_api.a(__glDisableVertexAttribArray.o)
[280] /Applications/Marmalade.app/Contents/s3e/lib/x86/darwin/libs3e_api.a(__glDrawArrays.o)
[281] /Applications/Marmalade.app/Contents/s3e/lib/x86/darwin/libs3e_api.a(__glDrawElements.o)
[282] /Applications/Marmalade.app/Contents/s3e/lib/x86/darwin/libs3e_api.a(__glEnable.o)
[283] /Applications/Marmalade.app/Contents/s3e/lib/x86/darwin/libs3e_api.a(__glEnableClientState.o)
[284] /Applications/Marmalade.app/Contents/s3e/lib/x86/darwin/libs3e_api.a(__glEnableVertexAttribArray.o)
[285] /Applications/Marmalade.app/Contents/s3e/lib/x86/darwin/libs3e_api.a(__glFinish.o)
[286] /Applications/Marmalade.app/Contents/s3e/lib/x86/darwin/libs3e_api.a(__glFogf.o)
[287] /Applications/Marmalade.app/Contents/s3e/lib/x86/darwin/libs3e_api.a(__glFogfv.o)
[288] /Applications/Marmalade.app/Contents/s3e/lib/x86/darwin/libs3e_api.a(__glFogx.o)
[289] /Applications/Marmalade.app/Contents/s3e/lib/x86/darwin/libs3e_api.a(__glFogxv.o)
[290] /Applications/Marmalade.app/Contents/s3e/lib/x86/darwin/libs3e_api.a(__glFramebufferRenderbuffer.o)
[291] /Applications/Marmalade.app/Contents/s3e/lib/x86/darwin/libs3e_api.a(__glFramebufferTexture2D.o)
[292] /Applications/Marmalade.app/Contents/s3e/lib/x86/darwin/libs3e_api.a(__glFrontFace.o)
[293] /Applications/Marmalade.app/Contents/s3e/lib/x86/darwin/libs3e_api.a(__glGenBuffers.o)
[294] /Applications/Marmalade.app/Contents/s3e/lib/x86/darwin/libs3e_api.a(__glGenFramebuffers.o)
[295] /Applications/Marmalade.app/Contents/s3e/lib/x86/darwin/libs3e_api.a(__glGenRenderbuffers.o)
[296] /Applications/Marmalade.app/Contents/s3e/lib/x86/darwin/libs3e_api.a(__glGenTextures.o)
[297] /Applications/Marmalade.app/Contents/s3e/lib/x86/darwin/libs3e_api.a(__glGenerateMipmap.o)
[298] /Applications/Marmalade.app/Contents/s3e/lib/x86/darwin/libs3e_api.a(__glGetActiveUniform.o)
[299] /Applications/Marmalade.app/Contents/s3e/lib/x86/darwin/libs3e_api.a(__glGetAttribLocation.o)
[300] /Applications/Marmalade.app/Contents/s3e/lib/x86/darwin/libs3e_api.a(__glGetError.o)
[301] /Applications/Marmalade.app/Contents/s3e/lib/x86/darwin/libs3e_api.a(__glGetFloatv.o)
[302] /Applications/Marmalade.app/Contents/s3e/lib/x86/darwin/libs3e_api.a(__glGetFramebufferAttachmentParameteriv.o)
[303] /Applications/Marmalade.app/Contents/s3e/lib/x86/darwin/libs3e_api.a(__glGetIntegerv.o)
[304] /Applications/Marmalade.app/Contents/s3e/lib/x86/darwin/libs3e_api.a(__glGetProgramInfoLog.o)
[305] /Applications/Marmalade.app/Contents/s3e/lib/x86/darwin/libs3e_api.a(__glGetProgramiv.o)
[306] /Applications/Marmalade.app/Contents/s3e/lib/x86/darwin/libs3e_api.a(__glGetRenderbufferParameteriv.o)
[307] /Applications/Marmalade.app/Contents/s3e/lib/x86/darwin/libs3e_api.a(__glGetShaderInfoLog.o)
[308] /Applications/Marmalade.app/Contents/s3e/lib/x86/darwin/libs3e_api.a(__glGetShaderiv.o)
[309] /Applications/Marmalade.app/Contents/s3e/lib/x86/darwin/libs3e_api.a(__glGetUniformLocation.o)
[310] /Applications/Marmalade.app/Contents/s3e/lib/x86/darwin/libs3e_api.a(__glHint.o)
[311] /Applications/Marmalade.app/Contents/s3e/lib/x86/darwin/libs3e_api.a(__glIsFramebuffer.o)
[312] /Applications/Marmalade.app/Contents/s3e/lib/x86/darwin/libs3e_api.a(__glIsRenderbuffer.o)
[313] /Applications/Marmalade.app/Contents/s3e/lib/x86/darwin/libs3e_api.a(__glLightModelf.o)
[314] /Applications/Marmalade.app/Contents/s3e/lib/x86/darwin/libs3e_api.a(__glLightModelfv.o)
[315] /Applications/Marmalade.app/Contents/s3e/lib/x86/darwin/libs3e_api.a(__glLightModelx.o)
[316] /Applications/Marmalade.app/Contents/s3e/lib/x86/darwin/libs3e_api.a(__glLightModelxv.o)
[317] /Applications/Marmalade.app/Contents/s3e/lib/x86/darwin/libs3e_api.a(__glLightf.o)
[318] /Applications/Marmalade.app/Contents/s3e/lib/x86/darwin/libs3e_api.a(__glLightfv.o)
[319] /Applications/Marmalade.app/Contents/s3e/lib/x86/darwin/libs3e_api.a(__glLightx.o)
[320] /Applications/Marmalade.app/Contents/s3e/lib/x86/darwin/libs3e_api.a(__glLightxv.o)
[321] /Applications/Marmalade.app/Contents/s3e/lib/x86/darwin/libs3e_api.a(__glLineWidth.o)
[322] /Applications/Marmalade.app/Contents/s3e/lib/x86/darwin/libs3e_api.a(__glLineWidthx.o)
[323] /Applications/Marmalade.app/Contents/s3e/lib/x86/darwin/libs3e_api.a(__glLinkProgram.o)
[324] /Applications/Marmalade.app/Contents/s3e/lib/x86/darwin/libs3e_api.a(__glLoadIdentity.o)
[325] /Applications/Marmalade.app/Contents/s3e/lib/x86/darwin/libs3e_api.a(__glLoadMatrixf.o)
[326] /Applications/Marmalade.app/Contents/s3e/lib/x86/darwin/libs3e_api.a(__glLogicOp.o)
[327] /Applications/Marmalade.app/Contents/s3e/lib/x86/darwin/libs3e_api.a(__glMaterialf.o)
[328] /Applications/Marmalade.app/Contents/s3e/lib/x86/darwin/libs3e_api.a(__glMaterialfv.o)
[329] /Applications/Marmalade.app/Contents/s3e/lib/x86/darwin/libs3e_api.a(__glMaterialx.o)
[330] /Applications/Marmalade.app/Contents/s3e/lib/x86/darwin/libs3e_api.a(__glMaterialxv.o)
[331] /Applications/Marmalade.app/Contents/s3e/lib/x86/darwin/libs3e_api.a(__glMatrixMode.o)
[332] /Applications/Marmalade.app/Contents/s3e/lib/x86/darwin/libs3e_api.a(__glMultMatrixf.o)
[333] /Applications/Marmalade.app/Contents/s3e/lib/x86/darwin/libs3e_api.a(__glMultiTexCoord4f.o)
[334] /Applications/Marmalade.app/Contents/s3e/lib/x86/darwin/libs3e_api.a(__glMultiTexCoord4x.o)
[335] /Applications/Marmalade.app/Contents/s3e/lib/x86/darwin/libs3e_api.a(__glNormal3f.o)
[336] /Applications/Marmalade.app/Contents/s3e/lib/x86/darwin/libs3e_api.a(__glNormal3x.o)
[337] /Applications/Marmalade.app/Contents/s3e/lib/x86/darwin/libs3e_api.a(__glNormalPointer.o)
[338] /Applications/Marmalade.app/Contents/s3e/lib/x86/darwin/libs3e_api.a(__glOrthof.o)
[339] /Applications/Marmalade.app/Contents/s3e/lib/x86/darwin/libs3e_api.a(__glPixelStorei.o)
[340] /Applications/Marmalade.app/Contents/s3e/lib/x86/darwin/libs3e_api.a(__glPolygonOffset.o)
[341] /Applications/Marmalade.app/Contents/s3e/lib/x86/darwin/libs3e_api.a(__glPolygonOffsetx.o)
[342] /Applications/Marmalade.app/Contents/s3e/lib/x86/darwin/libs3e_api.a(__glReadPixels.o)
[343] /Applications/Marmalade.app/Contents/s3e/lib/x86/darwin/libs3e_api.a(__glRenderbufferStorage.o)
[344] /Applications/Marmalade.app/Contents/s3e/lib/x86/darwin/libs3e_api.a(__glRotatef.o)
[345] /Applications/Marmalade.app/Contents/s3e/lib/x86/darwin/libs3e_api.a(__glScissor.o)
[346] /Applications/Marmalade.app/Contents/s3e/lib/x86/darwin/libs3e_api.a(__glShadeModel.o)
[347] /Applications/Marmalade.app/Contents/s3e/lib/x86/darwin/libs3e_api.a(__glShaderBinary.o)
[348] /Applications/Marmalade.app/Contents/s3e/lib/x86/darwin/libs3e_api.a(__glShaderSource.o)
[349] /Applications/Marmalade.app/Contents/s3e/lib/x86/darwin/libs3e_api.a(__glStencilFunc.o)
[350] /Applications/Marmalade.app/Contents/s3e/lib/x86/darwin/libs3e_api.a(__glStencilFuncSeparate.o)
[351] /Applications/Marmalade.app/Contents/s3e/lib/x86/darwin/libs3e_api.a(__glStencilMask.o)
[352] /Applications/Marmalade.app/Contents/s3e/lib/x86/darwin/libs3e_api.a(__glStencilMaskSeparate.o)
[353] /Applications/Marmalade.app/Contents/s3e/lib/x86/darwin/libs3e_api.a(__glStencilOp.o)
[354] /Applications/Marmalade.app/Contents/s3e/lib/x86/darwin/libs3e_api.a(__glStencilOpSeparate.o)
[355] /Applications/Marmalade.app/Contents/s3e/lib/x86/darwin/libs3e_api.a(__glTexCoordPointer.o)
[356] /Applications/Marmalade.app/Contents/s3e/lib/x86/darwin/libs3e_api.a(__glTexEnvf.o)
[357] /Applications/Marmalade.app/Contents/s3e/lib/x86/darwin/libs3e_api.a(__glTexEnvfv.o)
[358] /Applications/Marmalade.app/Contents/s3e/lib/x86/darwin/libs3e_api.a(__glTexEnvi.o)
[359] /Applications/Marmalade.app/Contents/s3e/lib/x86/darwin/libs3e_api.a(__glTexEnvx.o)
[360] /Applications/Marmalade.app/Contents/s3e/lib/x86/darwin/libs3e_api.a(__glTexEnvxv.o)
[361] /Applications/Marmalade.app/Contents/s3e/lib/x86/darwin/libs3e_api.a(__glTexImage2D.o)
[362] /Applications/Marmalade.app/Contents/s3e/lib/x86/darwin/libs3e_api.a(__glTexParameteri.o)
[363] /Applications/Marmalade.app/Contents/s3e/lib/x86/darwin/libs3e_api.a(__glTexParameterx.o)
[364] /Applications/Marmalade.app/Contents/s3e/lib/x86/darwin/libs3e_api.a(__glUniform1fv.o)
[365] /Applications/Marmalade.app/Contents/s3e/lib/x86/darwin/libs3e_api.a(__glUniform1i.o)
[366] /Applications/Marmalade.app/Contents/s3e/lib/x86/darwin/libs3e_api.a(__glUniform1iv.o)
[367] /Applications/Marmalade.app/Contents/s3e/lib/x86/darwin/libs3e_api.a(__glUniform2fv.o)
[368] /Applications/Marmalade.app/Contents/s3e/lib/x86/darwin/libs3e_api.a(__glUniform2iv.o)
[369] /Applications/Marmalade.app/Contents/s3e/lib/x86/darwin/libs3e_api.a(__glUniform3fv.o)
[370] /Applications/Marmalade.app/Contents/s3e/lib/x86/darwin/libs3e_api.a(__glUniform3iv.o)
[371] /Applications/Marmalade.app/Contents/s3e/lib/x86/darwin/libs3e_api.a(__glUniform4f.o)
[372] /Applications/Marmalade.app/Contents/s3e/lib/x86/darwin/libs3e_api.a(__glUniform4fv.o)
[373] /Applications/Marmalade.app/Contents/s3e/lib/x86/darwin/libs3e_api.a(__glUniform4iv.o)
[374] /Applications/Marmalade.app/Contents/s3e/lib/x86/darwin/libs3e_api.a(__glUniformMatrix2fv.o)
[375] /Applications/Marmalade.app/Contents/s3e/lib/x86/darwin/libs3e_api.a(__glUniformMatrix3fv.o)
[376] /Applications/Marmalade.app/Contents/s3e/lib/x86/darwin/libs3e_api.a(__glUniformMatrix4fv.o)
[377] /Applications/Marmalade.app/Contents/s3e/lib/x86/darwin/libs3e_api.a(__glUseProgram.o)
[378] /Applications/Marmalade.app/Contents/s3e/lib/x86/darwin/libs3e_api.a(__glVertexAttribPointer.o)
[379] /Applications/Marmalade.app/Contents/s3e/lib/x86/darwin/libs3e_api.a(__glVertexPointer.o)
[380] /Applications/Marmalade.app/Contents/s3e/lib/x86/darwin/libs3e_api.a(__glViewport.o)
[381] /Applications/Marmalade.app/Contents/s3e/lib/x86/darwin/libs3e_api.a(__s3eFreeBase.o)
[382] /Applications/Marmalade.app/Contents/s3e/lib/x86/darwin/libs3e_api.a(__s3eMallocBase.o)
[383] /Applications/Marmalade.app/Contents/s3e/lib/x86/darwin/libs3e_api.a(__s3eMemorySetUserMemMgr.o)
[384] /Applications/Marmalade.app/Contents/s3e/lib/x86/darwin/libs3e_api.a(__s3eReallocBase.o)
[385] /Applications/Marmalade.app/Contents/s3e/lib/x86/darwin/libs3e_api.a(eglBindAPI.o)
[386] /Applications/Marmalade.app/Contents/s3e/lib/x86/darwin/libs3e_api.a(eglCreateContext.o)
[387] /Applications/Marmalade.app/Contents/s3e/lib/x86/darwin/libs3e_api.a(eglCreateWindowSurface.o)
[388] /Applications/Marmalade.app/Contents/s3e/lib/x86/darwin/libs3e_api.a(eglDestroyContext.o)
[389] /Applications/Marmalade.app/Contents/s3e/lib/x86/darwin/libs3e_api.a(eglDestroySurface.o)
[390] /Applications/Marmalade.app/Contents/s3e/lib/x86/darwin/libs3e_api.a(eglGetConfigAttrib.o)
[391] /Applications/Marmalade.app/Contents/s3e/lib/x86/darwin/libs3e_api.a(eglGetConfigs.o)
[392] /Applications/Marmalade.app/Contents/s3e/lib/x86/darwin/libs3e_api.a(eglGetCurrentContext.o)
[393] /Applications/Marmalade.app/Contents/s3e/lib/x86/darwin/libs3e_api.a(eglGetCurrentDisplay.o)
[394] /Applications/Marmalade.app/Contents/s3e/lib/x86/darwin/libs3e_api.a(eglGetCurrentSurface.o)
[395] /Applications/Marmalade.app/Contents/s3e/lib/x86/darwin/libs3e_api.a(eglGetDisplay.o)
[396] /Applications/Marmalade.app/Contents/s3e/lib/x86/darwin/libs3e_api.a(eglGetError.o)
[397] /Applications/Marmalade.app/Contents/s3e/lib/x86/darwin/libs3e_api.a(eglInitialize.o)
[398] /Applications/Marmalade.app/Contents/s3e/lib/x86/darwin/libs3e_api.a(eglMakeCurrent.o)
[399] /Applications/Marmalade.app/Contents/s3e/lib/x86/darwin/libs3e_api.a(eglQueryContext.o)
[400] /Applications/Marmalade.app/Contents/s3e/lib/x86/darwin/libs3e_api.a(eglQueryString.o)
[401] /Applications/Marmalade.app/Contents/s3e/lib/x86/darwin/libs3e_api.a(eglSwapBuffers.o)
[402] /Applications/Marmalade.app/Contents/s3e/lib/x86/darwin/libs3e_api.a(eglTerminate.o)
[403] /Applications/Marmalade.app/Contents/s3e/lib/x86/darwin/libs3e_api.a(glGetString.o)
[404] /Applications/Marmalade.app/Contents/s3e/lib/x86/darwin/libs3e_api.a(s3eConfigGetInt.o)
[405] /Applications/Marmalade.app/Contents/s3e/lib/x86/darwin/libs3e_api.a(s3eConfigGetString.o)
[406] /Applications/Marmalade.app/Contents/s3e/lib/x86/darwin/libs3e_api.a(s3eDebugAssertShow.o)
[407] /Applications/Marmalade.app/Contents/s3e/lib/x86/darwin/libs3e_api.a(s3eDebugErrorShow.o)
[408] /Applications/Marmalade.app/Contents/s3e/lib/x86/darwin/libs3e_api.a(s3eDebugGetInt.o)
[409] /Applications/Marmalade.app/Contents/s3e/lib/x86/darwin/libs3e_api.a(s3eDebugIsDebuggerPresent.o)
[410] /Applications/Marmalade.app/Contents/s3e/lib/x86/darwin/libs3e_api.a(s3eDebugOutputString.o)
[411] /Applications/Marmalade.app/Contents/s3e/lib/x86/darwin/libs3e_api.a(s3eDebugPrint.o)
[412] /Applications/Marmalade.app/Contents/s3e/lib/x86/darwin/libs3e_api.a(s3eDebugTraceLine.o)
[413] /Applications/Marmalade.app/Contents/s3e/lib/x86/darwin/libs3e_api.a(s3eDeviceCheckQuitRequest.o)
[414] /Applications/Marmalade.app/Contents/s3e/lib/x86/darwin/libs3e_api.a(s3eDeviceExit.o)
[415] /Applications/Marmalade.app/Contents/s3e/lib/x86/darwin/libs3e_api.a(s3eDeviceGetInt.o)
[416] /Applications/Marmalade.app/Contents/s3e/lib/x86/darwin/libs3e_api.a(s3eDeviceGetString.o)
[417] /Applications/Marmalade.app/Contents/s3e/lib/x86/darwin/libs3e_api.a(s3eDeviceRegister.o)
[418] /Applications/Marmalade.app/Contents/s3e/lib/x86/darwin/libs3e_api.a(s3eDeviceSetInt.o)
[419] /Applications/Marmalade.app/Contents/s3e/lib/x86/darwin/libs3e_api.a(s3eDeviceUnRegister.o)
[420] /Applications/Marmalade.app/Contents/s3e/lib/x86/darwin/libs3e_api.a(s3eDeviceYield.o)
[421] /Applications/Marmalade.app/Contents/s3e/lib/x86/darwin/libs3e_api.a(s3eDeviceYieldUntilEvent.o)
[422] /Applications/Marmalade.app/Contents/s3e/lib/x86/darwin/libs3e_api.a(s3eExtGetHash.o)
[423] /Applications/Marmalade.app/Contents/s3e/lib/x86/darwin/libs3e_api.a(s3eFileCheckExists.o)
[424] /Applications/Marmalade.app/Contents/s3e/lib/x86/darwin/libs3e_api.a(s3eFileClose.o)
[425] /Applications/Marmalade.app/Contents/s3e/lib/x86/darwin/libs3e_api.a(s3eFileDelete.o)
[426] /Applications/Marmalade.app/Contents/s3e/lib/x86/darwin/libs3e_api.a(s3eFileGetError.o)
[427] /Applications/Marmalade.app/Contents/s3e/lib/x86/darwin/libs3e_api.a(s3eFileGetFileInt.o)
[428] /Applications/Marmalade.app/Contents/s3e/lib/x86/darwin/libs3e_api.a(s3eFileGetFileString.o)
[429] /Applications/Marmalade.app/Contents/s3e/lib/x86/darwin/libs3e_api.a(s3eFileMakeDirectory.o)
[430] /Applications/Marmalade.app/Contents/s3e/lib/x86/darwin/libs3e_api.a(s3eFileOpen.o)
[431] /Applications/Marmalade.app/Contents/s3e/lib/x86/darwin/libs3e_api.a(s3eFileRead.o)
[432] /Applications/Marmalade.app/Contents/s3e/lib/x86/darwin/libs3e_api.a(s3eFileSeek.o)
[433] /Applications/Marmalade.app/Contents/s3e/lib/x86/darwin/libs3e_api.a(s3eFileTell.o)
[434] /Applications/Marmalade.app/Contents/s3e/lib/x86/darwin/libs3e_api.a(s3eFileWrite.o)
[435] /Applications/Marmalade.app/Contents/s3e/lib/x86/darwin/libs3e_api.a(s3eFreeBase.o)
[436] /Applications/Marmalade.app/Contents/s3e/lib/x86/darwin/libs3e_api.a(s3eGLGetInt.o)
[437] /Applications/Marmalade.app/Contents/s3e/lib/x86/darwin/libs3e_api.a(s3eGLGetNativeWindow.o)
[438] /Applications/Marmalade.app/Contents/s3e/lib/x86/darwin/libs3e_api.a(s3eGLRegister.o)
[439] /Applications/Marmalade.app/Contents/s3e/lib/x86/darwin/libs3e_api.a(s3eGLUnRegister.o)
[440] /Applications/Marmalade.app/Contents/s3e/lib/x86/darwin/libs3e_api.a(s3eKeyboardGetState.o)
[441] /Applications/Marmalade.app/Contents/s3e/lib/x86/darwin/libs3e_api.a(s3eKeyboardRegister.o)
[442] /Applications/Marmalade.app/Contents/s3e/lib/x86/darwin/libs3e_api.a(s3eKeyboardSetInt.o)
[443] /Applications/Marmalade.app/Contents/s3e/lib/x86/darwin/libs3e_api.a(s3eKeyboardUpdate.o)
[444] /Applications/Marmalade.app/Contents/s3e/lib/x86/darwin/libs3e_api.a(s3eMallocBase.o)
[445] /Applications/Marmalade.app/Contents/s3e/lib/x86/darwin/libs3e_api.a(s3eMemoryGetInt.o)
[446] /Applications/Marmalade.app/Contents/s3e/lib/x86/darwin/libs3e_api.a(s3eMemorySetInt.o)
[447] /Applications/Marmalade.app/Contents/s3e/lib/x86/darwin/libs3e_api.a(s3ePointerGetInt.o)
[448] /Applications/Marmalade.app/Contents/s3e/lib/x86/darwin/libs3e_api.a(s3ePointerRegister.o)
[449] /Applications/Marmalade.app/Contents/s3e/lib/x86/darwin/libs3e_api.a(s3ePointerUpdate.o)
[450] /Applications/Marmalade.app/Contents/s3e/lib/x86/darwin/libs3e_api.a(s3eReallocBase.o)
[451] /Applications/Marmalade.app/Contents/s3e/lib/x86/darwin/libs3e_api.a(s3eSocketClose.o)
[452] /Applications/Marmalade.app/Contents/s3e/lib/x86/darwin/libs3e_api.a(s3eSurfaceGetInt.o)
[453] /Applications/Marmalade.app/Contents/s3e/lib/x86/darwin/libs3e_api.a(s3eSurfacePtr.o)
[454] /Applications/Marmalade.app/Contents/s3e/lib/x86/darwin/libs3e_api.a(s3eSurfaceRegister.o)
[455] /Applications/Marmalade.app/Contents/s3e/lib/x86/darwin/libs3e_api.a(s3eSurfaceSetup.o)
[456] /Applications/Marmalade.app/Contents/s3e/lib/x86/darwin/libs3e_api.a(s3eSurfaceShow.o)
[457] /Applications/Marmalade.app/Contents/s3e/lib/x86/darwin/libs3e_api.a(s3eSurfaceUnRegister.o)
[458] /Applications/Marmalade.app/Contents/s3e/lib/x86/darwin/libs3e_api.a(s3eTimerGetLocaltimeOffset.o)
[459] /Applications/Marmalade.app/Contents/s3e/lib/x86/darwin/libs3e_api.a(s3eTimerGetUTC.o)
[460] /Applications/Marmalade.app/Contents/s3e/lib/x86/darwin/libs3e_api.a(s3eTimerSetTimer.o)
[461] /Applications/Xcode.app/Contents/Developer/Platforms/MacOSX.platform/Developer/SDKs/MacOSX10.9.sdk/usr/lib/libstdc++.dylib
[462] /Applications/Marmalade.app/Contents/s3e/lib/x86/darwin/libm.a(lib_a-e_pow.o)
[463] /Applications/Marmalade.app/Contents/s3e/lib/x86/darwin/libm.a(lib_a-e_rem_pio2.o)
[464] /Applications/Marmalade.app/Contents/s3e/lib/x86/darwin/libm.a(lib_a-k_cos.o)
[465] /Applications/Marmalade.app/Contents/s3e/lib/x86/darwin/libm.a(lib_a-s_floor.o)
[466] /Applications/Marmalade.app/Contents/s3e/lib/x86/darwin/libm.a(lib_a-s_fpclassify.o)
[467] /Applications/Marmalade.app/Contents/s3e/lib/x86/darwin/libm.a(lib_a-s_frexp.o)
[468] /Applications/Marmalade.app/Contents/s3e/lib/x86/darwin/libm.a(lib_a-sf_atan.o)
[469] /Applications/Marmalade.app/Contents/s3e/lib/x86/darwin/libm.a(lib_a-sf_fabs.o)
[470] /Applications/Marmalade.app/Contents/s3e/lib/x86/darwin/libm.a(lib_a-sf_nan.o)
[471] /Applications/Marmalade.app/Contents/s3e/lib/x86/darwin/libc.a(lib_a-__atexit.o)
[472] /Applications/Marmalade.app/Contents/s3e/lib/x86/darwin/libc.a(lib_a-abs.o)
[473] /Applications/Marmalade.app/Contents/s3e/lib/x86/darwin/libc.a(lib_a-closer.o)
[474] /Applications/Marmalade.app/Contents/s3e/lib/x86/darwin/libc.a(lib_a-ctype_.o)
[475] /Applications/Marmalade.app/Contents/s3e/lib/x86/darwin/libc.a(lib_a-div.o)
[476] /Applications/Marmalade.app/Contents/s3e/lib/x86/darwin/libc.a(lib_a-envlock.o)
[477] /Applications/Marmalade.app/Contents/s3e/lib/x86/darwin/libc.a(lib_a-fclose.o)
[478] /Applications/Marmalade.app/Contents/s3e/lib/x86/darwin/libc.a(lib_a-feof.o)
[479] /Applications/Marmalade.app/Contents/s3e/lib/x86/darwin/libc.a(lib_a-fflush.o)
[480] /Applications/Marmalade.app/Contents/s3e/lib/x86/darwin/libc.a(lib_a-fgetpos.o)
[481] /Applications/Marmalade.app/Contents/s3e/lib/x86/darwin/libc.a(lib_a-findfp.o)
[482] /Applications/Marmalade.app/Contents/s3e/lib/x86/darwin/libc.a(lib_a-fopen.o)
[483] /Applications/Marmalade.app/Contents/s3e/lib/x86/darwin/libc.a(lib_a-fputwc.o)
[484] /Applications/Marmalade.app/Contents/s3e/lib/x86/darwin/libc.a(lib_a-fread.o)
[485] /Applications/Marmalade.app/Contents/s3e/lib/x86/darwin/libc.a(lib_a-fseek.o)
[486] /Applications/Marmalade.app/Contents/s3e/lib/x86/darwin/libc.a(lib_a-fsetpos.o)
[487] /Applications/Marmalade.app/Contents/s3e/lib/x86/darwin/libc.a(lib_a-fstatr.o)
[488] /Applications/Marmalade.app/Contents/s3e/lib/x86/darwin/libc.a(lib_a-ftell.o)
[489] /Applications/Marmalade.app/Contents/s3e/lib/x86/darwin/libc.a(lib_a-fvwrite.o)
[490] /Applications/Marmalade.app/Contents/s3e/lib/x86/darwin/libc.a(lib_a-fwalk.o)
[491] /Applications/Marmalade.app/Contents/s3e/lib/x86/darwin/libc.a(lib_a-fwrite.o)
[492] /Applications/Marmalade.app/Contents/s3e/lib/x86/darwin/libc.a(lib_a-gdtoa-gethex.o)
[493] /Applications/Marmalade.app/Contents/s3e/lib/x86/darwin/libc.a(lib_a-gdtoa-hexnan.o)
[494] /Applications/Marmalade.app/Contents/s3e/lib/x86/darwin/libc.a(lib_a-getc.o)
[495] /Applications/Marmalade.app/Contents/s3e/lib/x86/darwin/libc.a(lib_a-getenv_r.o)
[496] /Applications/Marmalade.app/Contents/s3e/lib/x86/darwin/libc.a(lib_a-gettimeofdayr.o)
[497] /Applications/Marmalade.app/Contents/s3e/lib/x86/darwin/libc.a(lib_a-gettzinfo.o)
[498] /Applications/Marmalade.app/Contents/s3e/lib/x86/darwin/libc.a(lib_a-gmtime.o)
[499] /Applications/Marmalade.app/Contents/s3e/lib/x86/darwin/libc.a(lib_a-gmtime_r.o)
[500] /Applications/Marmalade.app/Contents/s3e/lib/x86/darwin/libc.a(lib_a-impure.o)
[501] /Applications/Marmalade.app/Contents/s3e/lib/x86/darwin/libc.a(lib_a-isalpha.o)
[502] /Applications/Marmalade.app/Contents/s3e/lib/x86/darwin/libc.a(lib_a-isattyr.o)
[503] /Applications/Marmalade.app/Contents/s3e/lib/x86/darwin/libc.a(lib_a-iswspace.o)
[504] /Applications/Marmalade.app/Contents/s3e/lib/x86/darwin/libc.a(lib_a-jp2uc.o)
[505] /Applications/Marmalade.app/Contents/s3e/lib/x86/darwin/libc.a(lib_a-labs.o)
[506] /Applications/Marmalade.app/Contents/s3e/lib/x86/darwin/libc.a(lib_a-ldtoa.o)
[507] /Applications/Marmalade.app/Contents/s3e/lib/x86/darwin/libc.a(lib_a-locale.o)
[508] /Applications/Marmalade.app/Contents/s3e/lib/x86/darwin/libc.a(lib_a-lseekr.o)
[509] /Applications/Marmalade.app/Contents/s3e/lib/x86/darwin/libc.a(lib_a-makebuf.o)
[510] /Applications/Marmalade.app/Contents/s3e/lib/x86/darwin/libc.a(lib_a-mbrtowc.o)
[511] /Applications/Marmalade.app/Contents/s3e/lib/x86/darwin/libc.a(lib_a-mbtowc_r.o)
[512] /Applications/Marmalade.app/Contents/s3e/lib/x86/darwin/libc.a(lib_a-memchr.o)
[513] /Applications/Marmalade.app/Contents/s3e/lib/x86/darwin/libc.a(lib_a-memcmp.o)
[514] /Applications/Marmalade.app/Contents/s3e/lib/x86/darwin/libc.a(lib_a-memcpy.o)
[515] /Applications/Marmalade.app/Contents/s3e/lib/x86/darwin/libc.a(lib_a-memmove.o)
[516] /Applications/Marmalade.app/Contents/s3e/lib/x86/darwin/libc.a(lib_a-memset.o)
[517] /Applications/Marmalade.app/Contents/s3e/lib/x86/darwin/libc.a(lib_a-mktime.o)
[518] /Applications/Marmalade.app/Contents/s3e/lib/x86/darwin/libc.a(lib_a-mktm_r.o)
[519] /Applications/Marmalade.app/Contents/s3e/lib/x86/darwin/libc.a(lib_a-mprec.o)
[520] /Applications/Marmalade.app/Contents/s3e/lib/x86/darwin/libc.a(lib_a-printf.o)
[521] /Applications/Marmalade.app/Contents/s3e/lib/x86/darwin/libc.a(lib_a-putc.o)
[522] /Applications/Marmalade.app/Contents/s3e/lib/x86/darwin/libc.a(lib_a-puts.o)
[523] /Applications/Marmalade.app/Contents/s3e/lib/x86/darwin/libc.a(lib_a-rand.o)
[524] /Applications/Marmalade.app/Contents/s3e/lib/x86/darwin/libc.a(lib_a-readr.o)
[525] /Applications/Marmalade.app/Contents/s3e/lib/x86/darwin/libc.a(lib_a-refill.o)
[526] /Applications/Marmalade.app/Contents/s3e/lib/x86/darwin/libc.a(lib_a-rget.o)
[527] /Applications/Marmalade.app/Contents/s3e/lib/x86/darwin/libc.a(lib_a-sccl.o)
[528] /Applications/Marmalade.app/Contents/s3e/lib/x86/darwin/libc.a(lib_a-setvbuf.o)
[529] /Applications/Marmalade.app/Contents/s3e/lib/x86/darwin/libc.a(lib_a-snprintf.o)
[530] /Applications/Marmalade.app/Contents/s3e/lib/x86/darwin/libc.a(lib_a-sprintf.o)
[531] /Applications/Marmalade.app/Contents/s3e/lib/x86/darwin/libc.a(lib_a-sscanf.o)
[532] /Applications/Marmalade.app/Contents/s3e/lib/x86/darwin/libc.a(lib_a-stdio.o)
[533] /Applications/Marmalade.app/Contents/s3e/lib/x86/darwin/libc.a(lib_a-strchr.o)
[534] /Applications/Marmalade.app/Contents/s3e/lib/x86/darwin/libc.a(lib_a-strcmp.o)
[535] /Applications/Marmalade.app/Contents/s3e/lib/x86/darwin/libc.a(lib_a-strcpy.o)
[536] /Applications/Marmalade.app/Contents/s3e/lib/x86/darwin/libc.a(lib_a-strerror.o)
[537] /Applications/Marmalade.app/Contents/s3e/lib/x86/darwin/libc.a(lib_a-strftime.o)
[538] /Applications/Marmalade.app/Contents/s3e/lib/x86/darwin/libc.a(lib_a-strlen.o)
[539] /Applications/Marmalade.app/Contents/s3e/lib/x86/darwin/libc.a(lib_a-strncat.o)
[540] /Applications/Marmalade.app/Contents/s3e/lib/x86/darwin/libc.a(lib_a-strncmp.o)
[541] /Applications/Marmalade.app/Contents/s3e/lib/x86/darwin/libc.a(lib_a-strncpy.o)
[542] /Applications/Marmalade.app/Contents/s3e/lib/x86/darwin/libc.a(lib_a-strstr.o)
[543] /Applications/Marmalade.app/Contents/s3e/lib/x86/darwin/libc.a(lib_a-strtod.o)
[544] /Applications/Marmalade.app/Contents/s3e/lib/x86/darwin/libc.a(lib_a-strtol.o)
[545] /Applications/Marmalade.app/Contents/s3e/lib/x86/darwin/libc.a(lib_a-strtoll_r.o)
[546] /Applications/Marmalade.app/Contents/s3e/lib/x86/darwin/libc.a(lib_a-strtoul.o)
[547] /Applications/Marmalade.app/Contents/s3e/lib/x86/darwin/libc.a(lib_a-strtoull_r.o)
[548] /Applications/Marmalade.app/Contents/s3e/lib/x86/darwin/libc.a(lib_a-svfiprintf.o)
[549] /Applications/Marmalade.app/Contents/s3e/lib/x86/darwin/libc.a(lib_a-svfiscanf.o)
[550] /Applications/Marmalade.app/Contents/s3e/lib/x86/darwin/libc.a(lib_a-svfprintf.o)
[551] /Applications/Marmalade.app/Contents/s3e/lib/x86/darwin/libc.a(lib_a-svfscanf.o)
[552] /Applications/Marmalade.app/Contents/s3e/lib/x86/darwin/libc.a(lib_a-sysfstat.o)
[553] /Applications/Marmalade.app/Contents/s3e/lib/x86/darwin/libc.a(lib_a-time.o)
[554] /Applications/Marmalade.app/Contents/s3e/lib/x86/darwin/libc.a(lib_a-timelocal.o)
[555] /Applications/Marmalade.app/Contents/s3e/lib/x86/darwin/libc.a(lib_a-tzlock.o)
[556] /Applications/Marmalade.app/Contents/s3e/lib/x86/darwin/libc.a(lib_a-tzset.o)
[557] /Applications/Marmalade.app/Contents/s3e/lib/x86/darwin/libc.a(lib_a-tzset_r.o)
[558] /Applications/Marmalade.app/Contents/s3e/lib/x86/darwin/libc.a(lib_a-tzvars.o)
[559] /Applications/Marmalade.app/Contents/s3e/lib/x86/darwin/libc.a(lib_a-u_strerr.o)
[560] /Applications/Marmalade.app/Contents/s3e/lib/x86/darwin/libc.a(lib_a-ungetc.o)
[561] /Applications/Marmalade.app/Contents/s3e/lib/x86/darwin/libc.a(lib_a-vfiprintf.o)
[562] /Applications/Marmalade.app/Contents/s3e/lib/x86/darwin/libc.a(lib_a-vfprintf.o)
[563] /Applications/Marmalade.app/Contents/s3e/lib/x86/darwin/libc.a(lib_a-vsnprintf.o)
[564] /Applications/Marmalade.app/Contents/s3e/lib/x86/darwin/libc.a(lib_a-vsprintf.o)
[565] /Applications/Marmalade.app/Contents/s3e/lib/x86/darwin/libc.a(lib_a-wbuf.o)
[566] /Applications/Marmalade.app/Contents/s3e/lib/x86/darwin/libc.a(lib_a-wcrtomb.o)
[567] /Applications/Marmalade.app/Contents/s3e/lib/x86/darwin/libc.a(lib_a-wcsnrtombs.o)
[568] /Applications/Marmalade.app/Contents/s3e/lib/x86/darwin/libc.a(lib_a-wcsrtombs.o)
[569] /Applications/Marmalade.app/Contents/s3e/lib/x86/darwin/libc.a(lib_a-wctomb_r.o)
[570] /Applications/Marmalade.app/Contents/s3e/lib/x86/darwin/libc.a(lib_a-writer.o)
[571] /Applications/Marmalade.app/Contents/s3e/lib/x86/darwin/libc.a(lib_a-wsetup.o)
[572] /Applications/Xcode.app/Contents/Developer/Platforms/MacOSX.platform/Developer/SDKs/MacOSX10.9.sdk/usr/lib/libSystem.dylib
# Sections:
# Address	Size    	Segment	Section
0x000009F0	0x0006912F	__TEXT	__text
0x00069B20	0x000002D4	__TEXT	__const_coal
0x00069DF4	0x00000042	__TEXT	__symbol_stub
0x00069E38	0x0000007A	__TEXT	__stub_helper
0x00069EC0	0x00004A70	__TEXT	__const
0x0006E930	0x000001C4	__TEXT	__gcc_except_tab
0x0006EB00	0x0000C304	__TEXT	__cstring
0x0007AE04	0x0000000C	__TEXT	__ustring
0x0007AE10	0x000111E4	__TEXT	__eh_frame
0x0008C000	0x00000004	__DATA	__got
0x0008C004	0x00000270	__DATA	__nl_symbol_ptr
0x0008C274	0x0000002C	__DATA	__la_symbol_ptr
0x0008C2A0	0x0000005C	__DATA	__mod_init_func
0x0008C300	0x000008BC	__DATA	__const
0x0008CBC0	0x000032C0	__DATA	__data
0x0008FE80	0x00004D20	__DATA	__common
0x00094BA0	0x000041DA	__DATA	__bss
# Symbols:
# Address	Size    	File  Name
0x000009F0	0x00000020	[  1] ___clang_call_terminate
0x00000A10	0x00000040	[  1] __ZN4_STL3maxImEERKT_S3_S3_
0x00000A50	0x00000020	[  1] __ZN4_STL11char_traitsIcE6lengthEPKc
0x00000A70	0x00000230	[  1] __ZN4_STL12basic_stringIcNS_11char_traitsIcEENS_9allocatorIcEEE6appendIPKcEERS5_T_SA_RKNS_20forward_iterator_tagE
0x00000CA0	0x00000030	[  1] __ZN4_STL8distanceIPKcEENS_15iterator_traitsIT_E15difference_typeERKS4_S8_
0x00000CD0	0x00000040	[  1] __ZN4_STL18uninitialized_copyIPcS1_EET0_T_S3_S2_
0x00000D10	0x00000040	[  1] __ZN4_STL18uninitialized_copyEPKcS1_Pc
0x00000D50	0x00000020	[  1] __ZN4_STL8_DestroyEPcS0_
0x00000D70	0x00000030	[  1] __ZN4_STL11char_traitsIcE6assignERcRKc
0x00000DA0	0x00000070	[  1] __ZN4_STL14__copy_trivialEPKvS1_Pv
0x00000E10	0x00000070	[  1] __ZN4_STL20__uninitialized_copyIPcS1_EET0_T_S3_S2_RKNS_11__true_typeE
0x00000E80	0x00000080	[  1] __ZN4_STL10__copy_auxIPcS1_EET0_T_S3_S2_RKNS_11__true_typeE
0x00000F00	0x00000010	[  1] __ZN4_STL12_BothPtrTypeIPcS1_E4_RetEv
0x00000F10	0x00000040	[  1] __ZN4_STL11__copy_ptrsIPcS1_EET0_T_S3_S2_RKNS_11__true_typeE
0x00000F50	0x00000020	[  1] __ZN4_STL13_IsOKToMemCpyIccEENS_11_OKToMemCpyIT_T0_EEPS2_PS3_
0x00000F70	0x00000010	[  1] __ZN4_STL11_OKToMemCpyIccE4_RetEv
0x00000F80	0x00000030	[  1] __ZN4_STL10__distanceIPKcEENS_15iterator_traitsIT_E15difference_typeERKS4_S8_RKNS_26random_access_iterator_tagE
0x00000FB0	0x00000050	[  2] ___cxx_global_var_init
0x00001000	0x00000050	[  2] ___cxx_global_var_init1
0x00001050	0x00000015	[  2] __GLOBAL__I_a
0x00001070	0x00000090	[  2] __ZN4_STL12basic_stringIcNS_11char_traitsIcEENS_9allocatorIcEEE19_M_range_initializeIPcEEvT_S8_RKNS_20forward_iterator_tagE
0x00001100	0x00000030	[  2] __ZN4_STL8distanceIPcEENS_15iterator_traitsIT_E15difference_typeERKS3_S7_
0x00001130	0x00000030	[  2] __ZN4_STL10__distanceIPcEENS_15iterator_traitsIT_E15difference_typeERKS3_S7_RKNS_26random_access_iterator_tagE
0x00001160	0x00000090	[  2] __ZN4_STL12basic_stringIcNS_11char_traitsIcEENS_9allocatorIcEEE19_M_range_initializeIPKcEEvT_S9_RKNS_20forward_iterator_tagE
0x000011F0	0x00000050	[  3] ___cxx_global_var_init
0x00001240	0x00000050	[  3] ___cxx_global_var_init1
0x00001290	0x00000015	[  3] __GLOBAL__I_a
0x000012B0	0x00000030	[  3] __ZN4_STL13basic_ostreamIcNS_11char_traitsIcEEE6sentryC1ERS3_
0x000012E0	0x00000020	[  3] __ZNK4_STL13basic_ostreamIcNS_11char_traitsIcEEE6sentrycvbEv
0x00001300	0x00000020	[  3] __ZNK4_STL8ios_base5flagsEv
0x00001320	0x00000030	[  3] __ZN4_STL8ios_base5widthEi
0x00001350	0x00000040	[  3] __ZN4_STL15basic_streambufIcNS_11char_traitsIcEEE5sputnEPKci
0x00001390	0x00000020	[  3] __ZN4_STL13basic_ostreamIcNS_11char_traitsIcEEE6sentryD1Ev
0x000013B0	0x00000050	[  3] __ZN4_STL13basic_ostreamIcNS_11char_traitsIcEEE6sentryD2Ev
0x00001400	0x00000090	[  3] __ZN4_STL13basic_ostreamIcNS_11char_traitsIcEEE5flushEv
0x00001490	0x00000020	[  3] __ZN4_STL15basic_streambufIcNS_11char_traitsIcEEE7pubsyncEv
0x000014B0	0x00000080	[  3] __ZN4_STL15basic_streambufIcNS_11char_traitsIcEEE5sputcEc
0x00001530	0x00000020	[  3] __ZN4_STL11char_traitsIcE11to_int_typeERKc
0x00001550	0x00000040	[  3] __ZN4_STL13basic_ostreamIcNS_11char_traitsIcEEE6sentryC2ERS3_
0x00001590	0x000000E0	[  3] __ZN4_STL7_M_initIcNS_11char_traitsIcEEEEbRNS_13basic_ostreamIT_T0_EE
0x00001670	0x00000030	[  3] __ZNK4_STL8ios_base4goodEv
0x000016A0	0x00000020	[  4] __ZN5InputC1Ev
0x000016C0	0x00000120	[  4] __ZN5InputC2Ev
0x000017E0	0x00000070	[  4] __ZN5Input18MultiTouchButtonCBEP20s3ePointerTouchEvent
0x00001850	0x00000040	[  4] __ZN5Input18MultiTouchMotionCBEP26s3ePointerTouchMotionEvent
0x00001890	0x00000070	[  4] __ZN5Input13TouchButtonCBEP15s3ePointerEvent
0x00001900	0x00000040	[  4] __ZN5Input13TouchMotionCBEP21s3ePointerMotionEvent
0x00001940	0x00000020	[  4] __ZN5Input6UpdateEv
0x00001960	0x0000001A	[  4] __ZN5Input5ResetEv
0x00001980	0x00000050	[  4] ___cxx_global_var_init
0x000019D0	0x00000050	[  4] ___cxx_global_var_init1
0x00001A20	0x00000015	[  4] __GLOBAL__I_a
0x00001A40	0x00000170	[  5] __Z10LoadShaderjPKc
0x00001BB0	0x000001B0	[  5] __Z9setupGridv
0x00001D60	0x00000290	[  5] __Z6renderv
0x00001FF0	0x00000260	[  5] __Z14rotateTrianglev
0x00002250	0x00000470	[  5] _main
0x000026C0	0x0000005B	[  5] __ZL7eglInitv
0x00002720	0x00000050	[  5] ___cxx_global_var_init
0x00002770	0x00000050	[  5] ___cxx_global_var_init1
0x000027C0	0x00000015	[  5] __GLOBAL__I_a
0x000027E0	0x00000030	[  5] __ZN4_STLlsINS_11char_traitsIcEEEERNS_13basic_ostreamIcT_EES6_PKc
0x00002810	0x00000030	[  5] __ZN4_STL13basic_ostreamIcNS_11char_traitsIcEEElsEi
0x00002840	0x00000020	[  5] __ZN4_STL13basic_ostreamIcNS_11char_traitsIcEEElsEPFRS3_S4_E
0x00002860	0x00000070	[  5] __ZN4_STL4endlIcNS_11char_traitsIcEEEERNS_13basic_ostreamIT_T0_EES7_
0x000028D0	0x00000040	[  5] __ZN4_STL13basic_ostreamIcNS_11char_traitsIcEEElsEf
0x00002910	0x00000200	[  5] __ZN4_STL10_M_put_numIcNS_11char_traitsIcEEdEERNS_13basic_ostreamIT_T0_EES7_T1_
0x00002B10	0x00000030	[  5] __ZN4_STL9use_facetINS_7num_putIcNS_19ostreambuf_iteratorIcNS_11char_traitsIcEEEEEEEERKT_RKNS_6localeE
0x00002B40	0x00000030	[  5] __ZNK4_STL8ios_base6getlocEv
0x00002B70	0x00000130	[  5] __ZN4_STL13basic_ostreamIcNS_11char_traitsIcEEE3putEc
0x00002CA0	0x00000200	[  5] __ZN4_STL10_M_put_numIcNS_11char_traitsIcEElEERNS_13basic_ostreamIT_T0_EES7_T1_
0x00002EA0	0x00000390	[  5] __ZN4_STL13basic_ostreamIcNS_11char_traitsIcEEE14_M_put_nowidenEPKc
0x00003230	0x00000020	[  5] __ZNK4_STL8ios_base5widthEv
0x00003250	0x00000040	[  5] __ZN4_STL15basic_streambufIcNS_11char_traitsIcEEE9_M_sputncEci
0x00003290	0x00000071	[  6] __Z12IwHashStringPKc
0x00003301	0x0000006A	[  9] _IwCallStackGet
0x0000336B	0x00000021	[  9] _IwCallStackLeave
0x0000338C	0x00000065	[  9] _IwCallStackEnter
0x000033F2	0x00000122	[ 12] __ZNK7CIwVec3mlERKS_
0x00003514	0x00000066	[ 12] __ZN8CIwPlaneC2ERK8CIwSVec3RK7CIwVec3
0x0000357A	0x0000006F	[ 13] __GLOBAL__I__ZN8CIwPlane4g_YZE
0x000035EA	0x0000005E	[ 15] __ZNK8CIwSVec36IsZeroEv
0x00003648	0x000000DF	[ 15] __ZL12IW_FIXED_MULii
0x00003728	0x00000140	[ 15] __ZNK8CIwSVec325GetLengthSquaredUnshiftedEv
0x00003868	0x0000007E	[ 15] __ZNK8CIwSVec312IsNormalisedEv
0x000038E6	0x000005E0	[ 15] __ZN8CIwSVec313NormaliseSlowEv
0x00003EC6	0x00000044	[ 15] __ZN8CIwSVec313NormaliseSafeEv
0x00003F0A	0x00000292	[ 15] __ZN8CIwSVec3lSEi
0x0000419C	0x00000286	[ 15] __ZN8CIwSVec3mLEi
0x00004422	0x00000086	[ 16] __Z13IW_GEOM_SQRT2i
0x000044A9	0x0000001F	[ 18] ___tcf_0
0x000044C8	0x00000080	[ 18] __GLOBAL__I__Z8CopyFilePKcS0_
0x00004548	0x000000D0	[ 18] __ZN8CIwArrayI25CIwResManagerResourceSize12CIwAllocatorIS0_15CIwMallocRouterIS0_EE17ReallocateDefaultIS0_S4_EE8truncateEj
0x00004618	0x0000002E	[ 18] __ZN8CIwArrayI25CIwResManagerResourceSize12CIwAllocatorIS0_15CIwMallocRouterIS0_EE17ReallocateDefaultIS0_S4_EED2Ev
0x00004646	0x00000270	[ 18] __ZN8CIwArrayI25CIwResManagerResourceSize12CIwAllocatorIS0_15CIwMallocRouterIS0_EE17ReallocateDefaultIS0_S4_EE12set_capacityEj
0x000048B6	0x00000036	[ 18] __ZN8CIwArrayI25CIwResManagerResourceSize12CIwAllocatorIS0_15CIwMallocRouterIS0_EE17ReallocateDefaultIS0_S4_EE7reserveEj
0x000048EC	0x000000DE	[ 18] __ZN8CIwArrayI25CIwResManagerResourceSize12CIwAllocatorIS0_15CIwMallocRouterIS0_EE17ReallocateDefaultIS0_S4_EE13push_back_qtyEi
0x000049CA	0x00000030	[ 18] __ZN8CIwArrayI25CIwResManagerResourceSize12CIwAllocatorIS0_15CIwMallocRouterIS0_EE17ReallocateDefaultIS0_S4_EE6resizeEj
0x000049FA	0x0000001F	[ 21] ___tcf_0
0x00004A19	0x00000087	[ 21] __GLOBAL__I__Z27IwGxBinaryDebugTextFileOpenPKc
0x00004AA0	0x000000D0	[ 21] __ZN8CIwArrayI24_IwGxBinaryBlockHashedFn12CIwAllocatorIS0_15CIwMallocRouterIS0_EE17ReallocateDefaultIS0_S4_EE8truncateEj
0x00004B70	0x0000002E	[ 21] __ZN8CIwArrayI24_IwGxBinaryBlockHashedFn12CIwAllocatorIS0_15CIwMallocRouterIS0_EE17ReallocateDefaultIS0_S4_EED2Ev
0x00004B9E	0x00000270	[ 21] __ZN8CIwArrayI24_IwGxBinaryBlockHashedFn12CIwAllocatorIS0_15CIwMallocRouterIS0_EE17ReallocateDefaultIS0_S4_EE12set_capacityEj
0x00004E0E	0x00000036	[ 21] __ZN8CIwArrayI24_IwGxBinaryBlockHashedFn12CIwAllocatorIS0_15CIwMallocRouterIS0_EE17ReallocateDefaultIS0_S4_EE7reserveEj
0x00004E44	0x000000DE	[ 21] __ZN8CIwArrayI24_IwGxBinaryBlockHashedFn12CIwAllocatorIS0_15CIwMallocRouterIS0_EE17ReallocateDefaultIS0_S4_EE13push_back_qtyEi
0x00004F22	0x00000030	[ 21] __ZN8CIwArrayI24_IwGxBinaryBlockHashedFn12CIwAllocatorIS0_15CIwMallocRouterIS0_EE17ReallocateDefaultIS0_S4_EE6resizeEj
0x00004F52	0x00000017	[ 22] ___tcf_0
0x00004F69	0x0000004F	[ 22] __GLOBAL__I_g_TerminateOnSuspend
0x00004FB8	0x00000006	[ 22] __ZN23CIwGxContextShadowEntry7SuspendEv
0x00004FBE	0x00000006	[ 22] __ZN23CIwGxContextShadowEntry7RestoreEv
0x00004FC4	0x00000006	[ 22] __ZN23CIwGxContextShadowEntry10PreRestoreEv
0x00004FCA	0x00000006	[ 22] __ZN23CIwGxContextShadowEntry15OnSurfaceChangeEP12CIwGxSurface
0x00004FD0	0x00000016	[ 22] __ZN23CIwGxContextShadowEntryD1Ev
0x00004FE6	0x0000001A	[ 22] __ZN23CIwGxContextShadowEntryD0Ev
0x00005000	0x0000001F	[ 23] ___tcf_2
0x0000501F	0x0000001F	[ 23] ___tcf_1
0x0000503E	0x0000001F	[ 23] ___tcf_0
0x0000505D	0x00000160	[ 23] __GLOBAL__I_g_IwGxMetricGLNames
0x000051BE	0x000000D0	[ 23] __ZN8CIwArrayI19_IwGxMemoryRecordGL12CIwAllocatorIS0_15CIwMallocRouterIS0_EE17ReallocateDefaultIS0_S4_EE8truncateEj
0x0000528E	0x0000002E	[ 23] __ZN8CIwArrayI19_IwGxMemoryRecordGL12CIwAllocatorIS0_15CIwMallocRouterIS0_EE17ReallocateDefaultIS0_S4_EED2Ev
0x000052BC	0x00000270	[ 23] __ZN8CIwArrayI19_IwGxMemoryRecordGL12CIwAllocatorIS0_15CIwMallocRouterIS0_EE17ReallocateDefaultIS0_S4_EE12set_capacityEj
0x0000552C	0x00000036	[ 23] __ZN8CIwArrayI19_IwGxMemoryRecordGL12CIwAllocatorIS0_15CIwMallocRouterIS0_EE17ReallocateDefaultIS0_S4_EE7reserveEj
0x00005562	0x0000010A	[ 23] __ZN8CIwArrayI19_IwGxMemoryRecordGL12CIwAllocatorIS0_15CIwMallocRouterIS0_EE17ReallocateDefaultIS0_S4_EE13push_back_qtyEi
0x0000566C	0x00000030	[ 23] __ZN8CIwArrayI19_IwGxMemoryRecordGL12CIwAllocatorIS0_15CIwMallocRouterIS0_EE17ReallocateDefaultIS0_S4_EE6resizeEj
0x0000569C	0x00000005	[ 24] __GLOBAL__I__glTexParameter
0x000056A1	0x0000001F	[ 27] __GLOBAL__I_s_IwGxMetrics
0x000056C0	0x0000001F	[ 28] __GLOBAL__I_s_FontMaterial
0x000056DF	0x00000044	[ 31] __GLOBAL__I__ZN11CIwMaterial11g_FlagNamesE
0x00005723	0x00000009	[ 33] _eglGetProcAddress
0x0000572C	0x00000009	[ 34] _glActiveTexture
0x00005735	0x00000009	[ 35] _glAlphaFunc
0x0000573E	0x00000009	[ 36] _glAlphaFuncx
0x00005747	0x00000009	[ 37] _glAttachShader
0x00005750	0x00000009	[ 38] _glBindAttribLocation
0x00005759	0x00000009	[ 39] _glBindBuffer
0x00005762	0x00000009	[ 40] _glBindFramebuffer
0x0000576B	0x00000009	[ 41] _glBindRenderbuffer
0x00005774	0x00000009	[ 42] _glBindTexture
0x0000577D	0x00000009	[ 43] _glBlendColor
0x00005786	0x00000009	[ 44] _glBlendEquationSeparate
0x0000578F	0x00000009	[ 45] _glBlendFunc
0x00005798	0x00000009	[ 46] _glBlendFuncSeparate
0x000057A1	0x00000009	[ 47] _glCheckFramebufferStatus
0x000057AA	0x00000009	[ 48] _glClear
0x000057B3	0x00000009	[ 49] _glClearColor
0x000057BC	0x00000009	[ 50] _glClearColorx
0x000057C5	0x00000009	[ 51] _glClearDepthf
0x000057CE	0x00000009	[ 52] _glClearDepthx
0x000057D7	0x00000009	[ 53] _glClearStencil
0x000057E0	0x00000009	[ 54] _glClientActiveTexture
0x000057E9	0x00000009	[ 55] _glClipPlanef
0x000057F2	0x00000009	[ 56] _glClipPlanex
0x000057FB	0x00000009	[ 57] _glColor4f
0x00005804	0x00000009	[ 58] _glColor4x
0x0000580D	0x00000009	[ 59] _glColorMask
0x00005816	0x00000009	[ 60] _glColorPointer
0x0000581F	0x00000009	[ 61] _glCompileShader
0x00005828	0x00000009	[ 62] _glCompressedTexImage2D
0x00005831	0x00000009	[ 63] _glCreateProgram
0x0000583A	0x00000009	[ 64] _glCreateShader
0x00005843	0x00000009	[ 65] _glCullFace
0x0000584C	0x00000009	[ 66] _glDeleteFramebuffers
0x00005855	0x00000009	[ 67] _glDeleteProgram
0x0000585E	0x00000009	[ 68] _glDeleteRenderbuffers
0x00005867	0x00000009	[ 69] _glDeleteShader
0x00005870	0x00000009	[ 70] _glDepthFunc
0x00005879	0x00000009	[ 71] _glDepthMask
0x00005882	0x00000009	[ 72] _glDepthRangef
0x0000588B	0x00000009	[ 73] _glDepthRangex
0x00005894	0x00000009	[ 74] _glDisable
0x0000589D	0x00000009	[ 75] _glDisableClientState
0x000058A6	0x00000009	[ 76] _glDisableVertexAttribArray
0x000058AF	0x00000009	[ 77] _glDrawArrays
0x000058B8	0x00000009	[ 78] _glDrawElements
0x000058C1	0x00000009	[ 79] _glEnable
0x000058CA	0x00000009	[ 80] _glEnableClientState
0x000058D3	0x00000009	[ 81] _glEnableVertexAttribArray
0x000058DC	0x00000009	[ 82] _glFogf
0x000058E5	0x00000009	[ 83] _glFogfv
0x000058EE	0x00000009	[ 84] _glFogx
0x000058F7	0x00000009	[ 85] _glFogxv
0x00005900	0x00000009	[ 86] _glFramebufferRenderbuffer
0x00005909	0x00000009	[ 87] _glFramebufferTexture2D
0x00005912	0x00000009	[ 88] _glFrontFace
0x0000591B	0x00000009	[ 89] _glGenFramebuffers
0x00005924	0x00000009	[ 90] _glGenRenderbuffers
0x0000592D	0x00000009	[ 91] _glGenerateMipmap
0x00005936	0x00000009	[ 92] _glGetAttribLocation
0x0000593F	0x00000009	[ 93] _glGetError
0x00005948	0x00000009	[ 94] _glGetFloatv
0x00005951	0x00000009	[ 95] _glGetFramebufferAttachmentParameteriv
0x0000595A	0x00000009	[ 96] _glGetIntegerv
0x00005963	0x00000009	[ 97] _glGetProgramInfoLog
0x0000596C	0x00000009	[ 98] _glGetProgramiv
0x00005975	0x00000009	[ 99] _glGetRenderbufferParameteriv
0x0000597E	0x00000009	[100] _glGetShaderInfoLog
0x00005987	0x00000009	[101] _glGetShaderiv
0x00005990	0x00000009	[102] _glGetUniformLocation
0x00005999	0x00000009	[103] _glHint
0x000059A2	0x00000019	[104] _glIsFramebuffer
0x000059BB	0x00000019	[105] _glIsRenderbuffer
0x000059D4	0x00000009	[106] _glLightModelf
0x000059DD	0x00000009	[107] _glLightModelfv
0x000059E6	0x00000009	[108] _glLightModelx
0x000059EF	0x00000009	[109] _glLightModelxv
0x000059F8	0x00000009	[110] _glLightf
0x00005A01	0x00000009	[111] _glLightfv
0x00005A0A	0x00000009	[112] _glLightx
0x00005A13	0x00000009	[113] _glLightxv
0x00005A1C	0x00000009	[114] _glLineWidth
0x00005A25	0x00000009	[115] _glLineWidthx
0x00005A2E	0x00000009	[116] _glLinkProgram
0x00005A37	0x00000009	[117] _glLoadIdentity
0x00005A40	0x00000009	[118] _glLoadMatrixf
0x00005A49	0x00000009	[119] _glLogicOp
0x00005A52	0x00000009	[120] _glMaterialf
0x00005A5B	0x00000009	[121] _glMaterialfv
0x00005A64	0x00000009	[122] _glMaterialx
0x00005A6D	0x00000009	[123] _glMaterialxv
0x00005A76	0x00000009	[124] _glMatrixMode
0x00005A7F	0x00000009	[125] _glMultMatrixf
0x00005A88	0x00000009	[126] _glMultiTexCoord4f
0x00005A91	0x00000009	[127] _glMultiTexCoord4x
0x00005A9A	0x00000009	[128] _glNormal3f
0x00005AA3	0x00000009	[129] _glNormal3x
0x00005AAC	0x00000009	[130] _glNormalPointer
0x00005AB5	0x00000009	[131] _glPixelStorei
0x00005ABE	0x00000009	[132] _glPolygonOffset
0x00005AC7	0x00000009	[133] _glPolygonOffsetx
0x00005AD0	0x00000009	[134] _glReadPixels
0x00005AD9	0x00000009	[135] _glRenderbufferStorage
0x00005AE2	0x00000009	[136] _glRotatef
0x00005AEB	0x00000009	[137] _glScissor
0x00005AF4	0x00000009	[138] _glShadeModel
0x00005AFD	0x00000009	[139] _glShaderSource
0x00005B06	0x00000009	[140] _glStencilFunc
0x00005B0F	0x00000009	[141] _glStencilFuncSeparate
0x00005B18	0x00000009	[142] _glStencilMask
0x00005B21	0x00000009	[143] _glStencilMaskSeparate
0x00005B2A	0x00000009	[144] _glStencilOp
0x00005B33	0x00000009	[145] _glStencilOpSeparate
0x00005B3C	0x00000009	[146] _glTexCoordPointer
0x00005B45	0x00000009	[147] _glTexEnvf
0x00005B4E	0x00000009	[148] _glTexEnvfv
0x00005B57	0x00000009	[149] _glTexEnvi
0x00005B60	0x00000009	[150] _glTexEnvx
0x00005B69	0x00000009	[151] _glTexEnvxv
0x00005B72	0x00000009	[152] _glTexImage2D
0x00005B7B	0x00000009	[153] _glTexParameteri
0x00005B84	0x00000009	[154] _glTexParameterx
0x00005B8D	0x00000009	[155] _glUniform1i
0x00005B96	0x00000009	[156] _glUniform4f
0x00005B9F	0x00000009	[157] _glUniformMatrix4fv
0x00005BA8	0x00000009	[158] _glUseProgram
0x00005BB1	0x00000009	[159] _glVertexAttribPointer
0x00005BBA	0x00000009	[160] _glVertexPointer
0x00005BC3	0x00000009	[161] _glViewport
0x00005BCC	0x000000FF	[162] __Z16s3eEGLLastResultPKcj
0x00005CCB	0x000000D1	[162] __ZL19s3eEGLErrorToStringj
0x00005D9C	0x00001ADE	[162] __Z20s3eGLChooseEGLConfigPvRS_h
0x0000787A	0x0000004C	[163] __Z16IwGLFireCallback12IwGLCallback
0x000078C7	0x0000002B	[163] _glPeekError
0x000078F2	0x00000026	[163] _iwgl_glGetError
0x00007918	0x00000078	[163] __IwGLConsumeError
0x00007990	0x00000126	[163] _IwGLGetInt
0x00007AB6	0x000000F6	[163] __ZN16CIwGLErrorSentryD2Ev
0x00007BAC	0x00000009	[163] __ZN16CIwGLErrorSentryD1Ev
0x00007BB5	0x000000EB	[163] _IwGLSetInt
0x00007CA0	0x000000EA	[163] _IwGLCheckError
0x00007D8A	0x000002A8	[163] __ZN16CIwGLErrorSentryC1EPKcz
0x00008032	0x00000175	[163] _IwGLResume
0x000081A7	0x00000012	[163] __Z11_IwGLResumePvS_
0x000081B9	0x0000030D	[163] _IwGLSuspend
0x000084C6	0x00000012	[163] __Z12_IwGLSuspendPvS_
0x000084D8	0x0000005C	[163] __Z19IwGLAddHandleMetricPKci
0x00008534	0x00000173	[163] _IwGLTerminate
0x000086A7	0x000002A4	[163] _IwGLInit
0x0000894B	0x000004A7	[164] _IwGLDrawRect
0x00008DF2	0x0000005D	[164] _IwGLDrawRectTerminate
0x00008E4F	0x0000019E	[164] __ZL7CompilejPKc
0x00008FED	0x0000017B	[164] _IwGLDrawRectInit
0x00009168	0x00000012	[165] _IwGLIsInitialised
0x0000917A	0x00000067	[165] _iwgl_eglGetProcAddress
0x000091E1	0x000001FB	[165] _IwGLSwapBuffers
0x000093DC	0x0000008B	[165] __Z22IwGLRecreateEGLSurfacev
0x00009467	0x00000012	[165] __Z22IwGLRecreateEGLSurfacePvS_
0x00009479	0x00000053	[165] __Z25_IwGLTerminateWorkaroundsv
0x000094CC	0x00000228	[165] __IwGLTerminateEGL
0x000096F7	0x00000975	[165] __Z18_IwGLCreateContextv
0x0000A06C	0x000001CF	[165] __Z20_IwGLInitWorkaroundsv
0x0000A23B	0x00000CD3	[165] __IwGLInitEGL
0x0000AF10	0x00002918	[166] __Z11IwGLGetEnumj
0x0000D828	0x00000016	[167] _IwGLExtAvailable
0x0000D83E	0x00000122	[167] _glProgramBinaryOES
0x0000D960	0x00003508	[167] _IwGLExtInit
0x00010E68	0x0000003C	[168] _IwGLFBOCacheGetIntegerv
0x00010EA4	0x0000003A	[168] _IwGLGetRBOHandle
0x00010EDE	0x0000001F	[168] ___tcf_0
0x00010EFD	0x0000001F	[168] ___tcf_1
0x00010F1C	0x00000071	[168] _iwgl_glIsRenderbuffer
0x00010F8D	0x00000071	[168] _iwgl_glIsFramebuffer
0x00010FFE	0x0000008D	[168] _iwgl_glGetFramebufferAttachmentParameteriv
0x0001108B	0x00000050	[168] _iwgl_glCheckFramebufferStatus
0x000110DB	0x000000BE	[168] _iwgl_glRenderbufferStorage
0x00011199	0x0000008C	[168] _iwgl_glGenRenderbuffers
0x00011225	0x0000008C	[168] _iwgl_glGenFramebuffers
0x000112B1	0x000000ED	[168] _iwgl_glFramebufferRenderbuffer
0x0001139E	0x000000F0	[168] _iwgl_glFramebufferTexture2D
0x0001148E	0x00000076	[168] _iwgl_glDeleteRenderbuffers
0x00011504	0x00000076	[168] _iwgl_glDeleteFramebuffers
0x0001157A	0x0000002F	[168] _IwGLFBOCacheSuspend
0x000115A9	0x0000002F	[168] _IwGLFBOCacheTerminate
0x000115D8	0x000000FA	[168] _iwgl_glBindRenderbuffer
0x000116D2	0x00000137	[168] _iwgl_glBindFramebuffer
0x00011809	0x000000AA	[168] _IwGLFBOCacheRestore
0x000118B3	0x00000D2C	[168] _IwGLFBOSetImplementation
0x000125DF	0x00000097	[168] _IwGLFBOCacheInit
0x00012676	0x000000E7	[168] __GLOBAL__I_fbo_glIsRenderbuffer
0x0001275E	0x000000D0	[168] __ZN8CIwArrayIN12CIwGLHandlesI19CIwGLFramebufferObjE6CEntryE12CIwAllocatorIS3_15CIwMallocRouterIS3_EE17ReallocateDefaultIS3_S7_EE8truncateEj
0x0001282E	0x000000D0	[168] __ZN8CIwArrayIN12CIwGLHandlesI20CIwGLRenderbufferObjE6CEntryE12CIwAllocatorIS3_15CIwMallocRouterIS3_EE17ReallocateDefaultIS3_S7_EE8truncateEj
0x000128FE	0x000000E4	[168] __ZNK8CIwArrayIN12CIwGLHandlesI20CIwGLRenderbufferObjE6CEntryE12CIwAllocatorIS3_15CIwMallocRouterIS3_EE17ReallocateDefaultIS3_S7_EEixEi
0x000129E2	0x00000100	[168] __ZN12CIwGLHandlesI20CIwGLRenderbufferObjE9GetHandleEj
0x00012AE2	0x000000E4	[168] __ZNK8CIwArrayIN12CIwGLHandlesI19CIwGLFramebufferObjE6CEntryE12CIwAllocatorIS3_15CIwMallocRouterIS3_EE17ReallocateDefaultIS3_S7_EEixEi
0x00012BC6	0x00000100	[168] __ZN12CIwGLHandlesI19CIwGLFramebufferObjE9GetHandleEj
0x00012CC6	0x0000002E	[168] __ZN8CIwArrayIN12CIwGLHandlesI19CIwGLFramebufferObjE6CEntryE12CIwAllocatorIS3_15CIwMallocRouterIS3_EE17ReallocateDefaultIS3_S7_EED2Ev
0x00012CF4	0x0000002E	[168] __ZN8CIwArrayIN12CIwGLHandlesI20CIwGLRenderbufferObjE6CEntryE12CIwAllocatorIS3_15CIwMallocRouterIS3_EE17ReallocateDefaultIS3_S7_EED2Ev
0x00012D22	0x00000270	[168] __ZN8CIwArrayIN12CIwGLHandlesI19CIwGLFramebufferObjE6CEntryE12CIwAllocatorIS3_15CIwMallocRouterIS3_EE17ReallocateDefaultIS3_S7_EE12set_capacityEj
0x00012F92	0x00000036	[168] __ZN8CIwArrayIN12CIwGLHandlesI19CIwGLFramebufferObjE6CEntryE12CIwAllocatorIS3_15CIwMallocRouterIS3_EE17ReallocateDefaultIS3_S7_EE7reserveEj
0x00012FC8	0x000000FE	[168] __ZN8CIwArrayIN12CIwGLHandlesI19CIwGLFramebufferObjE6CEntryE12CIwAllocatorIS3_15CIwMallocRouterIS3_EE17ReallocateDefaultIS3_S7_EE13push_back_qtyEi
0x000130C6	0x00000030	[168] __ZN8CIwArrayIN12CIwGLHandlesI19CIwGLFramebufferObjE6CEntryE12CIwAllocatorIS3_15CIwMallocRouterIS3_EE17ReallocateDefaultIS3_S7_EE6resizeEj
0x000130F6	0x000001B8	[168] __ZN8CIwArrayIN12CIwGLHandlesI19CIwGLFramebufferObjE6CEntryE12CIwAllocatorIS3_15CIwMallocRouterIS3_EE17ReallocateDefaultIS3_S7_EE9push_backERKS3_
0x000132AE	0x00000270	[168] __ZN8CIwArrayIN12CIwGLHandlesI20CIwGLRenderbufferObjE6CEntryE12CIwAllocatorIS3_15CIwMallocRouterIS3_EE17ReallocateDefaultIS3_S7_EE12set_capacityEj
0x0001351E	0x00000036	[168] __ZN8CIwArrayIN12CIwGLHandlesI20CIwGLRenderbufferObjE6CEntryE12CIwAllocatorIS3_15CIwMallocRouterIS3_EE17ReallocateDefaultIS3_S7_EE7reserveEj
0x00013554	0x000000FE	[168] __ZN8CIwArrayIN12CIwGLHandlesI20CIwGLRenderbufferObjE6CEntryE12CIwAllocatorIS3_15CIwMallocRouterIS3_EE17ReallocateDefaultIS3_S7_EE13push_back_qtyEi
0x00013652	0x00000030	[168] __ZN8CIwArrayIN12CIwGLHandlesI20CIwGLRenderbufferObjE6CEntryE12CIwAllocatorIS3_15CIwMallocRouterIS3_EE17ReallocateDefaultIS3_S7_EE6resizeEj
0x00013682	0x000001B8	[168] __ZN8CIwArrayIN12CIwGLHandlesI20CIwGLRenderbufferObjE6CEntryE12CIwAllocatorIS3_15CIwMallocRouterIS3_EE17ReallocateDefaultIS3_S7_EE9push_backERKS3_
0x0001383A	0x00000054	[168] __ZN15CIwGLHeapSwitchC2Ev
0x0001388E	0x0000006C	[168] __ZN12CIwGLHandlesI19CIwGLFramebufferObjE4InitEPKc
0x000138FA	0x0000006C	[168] __ZN12CIwGLHandlesI20CIwGLRenderbufferObjE4InitEPKc
0x00013966	0x0000015E	[168] __ZN12CIwGLHandlesI20CIwGLRenderbufferObjE6GetObjEj
0x00013AC4	0x00000174	[168] __ZN12CIwGLHandlesI19CIwGLFramebufferObjE6GetObjEj
0x00013C38	0x000000FE	[168] __ZN12CIwGLHandlesI20CIwGLRenderbufferObjE3GenEiPjbj
0x00013D36	0x000000FE	[168] __ZN12CIwGLHandlesI19CIwGLFramebufferObjE3GenEiPjbj
0x00013E34	0x000001B0	[168] __ZN12CIwGLHandlesI20CIwGLRenderbufferObjE6DeleteEiPKj
0x00013FE4	0x000001B0	[168] __ZN12CIwGLHandlesI19CIwGLFramebufferObjE6DeleteEiPKj
0x00014194	0x0000010E	[168] __ZN12CIwGLHandlesI19CIwGLFramebufferObjE7SuspendEv
0x000142A2	0x0000010E	[168] __ZN12CIwGLHandlesI20CIwGLRenderbufferObjE7SuspendEv
0x000143B0	0x000001E0	[168] __ZN12CIwGLHandlesI19CIwGLFramebufferObjE9TerminateEv
0x00014590	0x000001E0	[168] __ZN12CIwGLHandlesI20CIwGLRenderbufferObjE9TerminateEv
0x00014770	0x000000E4	[168] __ZN12CIwGLHandlesI20CIwGLRenderbufferObjE7RestoreEv
0x00014854	0x000000E3	[168] __ZN12CIwGLHandlesI19CIwGLFramebufferObjE7RestoreEv
0x00014938	0x0000002A	[169] __ZN19CIwGLFramebufferObj9GenHandleEj
0x00014962	0x0000002E	[169] __ZN19CIwGLFramebufferObj12DeleteHandleEjj
0x00014990	0x0000002A	[169] __ZN20CIwGLRenderbufferObj9GenHandleEj
[...]
0x00091A18	0x00000004	[168] _fbo_glGenerateMipmap
0x00091A20	0x00000020	[171] _g_IwGLShaders
0x00091A40	0x00000014	[171] _g_IwGLPrograms
0x00091A54	0x00000004	[171] _g_IwGLCurrentProgram
0x00091A58	0x00000004	[171] _g_IwGLCurrentProgramObj
0x00091A5C	0x00000001	[171] _g_IwGLAllowNegativeLocations
0x00091A60	0x00000004	[173] _g_IwGLCachedState
0x00091A70	0x00000014	[174] _g_IwGLTextures
0x00091A84	0x0000000C	[174] _g_IwGLActiveTexture
0x00091A90	0x00000100	[174] _g_IwGLCurrentTex
0x00091B90	0x00000004	[174] _g_IwGLAllowTextureAllocInBind
0x00091BA0	0x00000018	[176] _g_IwGLVBOs
0x00091BB8	0x00000008	[176] _g_IwGLCurrentVBO
0x00091BC0	0x00000004	[178] _g_IwGLMatrixMode
0x00091BC4	0x00000004	[178] _g_IwGLVirtualX
0x00091BC8	0x00000004	[178] _g_IwGLVirtualHeight
0x00091BCC	0x00000004	[178] _g_IwGLHeight
0x00091BD0	0x00000004	[178] _g_IwGLVirtualY
0x00091BD4	0x00000004	[178] _g_IwGLVirtualWidth
0x00091BD8	0x00000004	[178] _g_IwGLWidth
0x00091BDC	0x00000004	[178] _g_IwGLBlitDir
0x00091BE0	0x00000004	[178] _g_IwGLVirtualRot
0x00091BE4	0x00000010	[178] _g_IwGLScissor
0x00091BF4	0x00000004	[178] _g_IwGLRTBound
0x00091BF8	0x00000010	[178] _g_IwGLViewport
0x00091C08	0x00000001	[178] _g_IwGLSuppressFBOWarning
0x00091C10	0x00000010	[181] _g_Caches
0x00091C20	0x00000010	[181] _g_CacheWorkArea
0x00091C40	0x00000020	[189] __ZN4_STL14__malloc_allocILi0EE13__oom_handlerE
0x00091C60	0x00000068	[192] __ZN4_STL3cinE
0x00091CC8	0x00000018	[192] __ZN4_STL8ios_base4Init8_S_countE
0x00091CE0	0x00000080	[192] __ZN4_STL4coutE
0x00091D60	0x00000080	[192] __ZN4_STL4cerrE
0x00091DE0	0x00000080	[192] __ZN4_STL4clogE
0x00091E60	0x00000080	[192] __ZN4_STL4wcinE
0x00091EE0	0x00000080	[192] __ZN4_STL5wcoutE
0x00091F60	0x00000080	[192] __ZN4_STL5wcerrE
0x00091FE0	0x00000064	[192] __ZN4_STL5wclogE
0x00092048	0x00000004	[193] __ZN4_STL8ios_base9_Loc_init8_S_countE
0x0009204C	0x00000004	[193] __ZN4_STL12_Locale_impl14_S_global_implE
0x00092050	0x00000010	[195] __ZN4_STL15_S_empty_stringE
0x00092060	0x00000010	[195] __ZN4_STL16_S_empty_wstringE
0x00092070	0x00000008	[195] __ZN4_STL9money_getIcNS_19istreambuf_iteratorIcNS_11char_traitsIcEEEEE2idE
0x00092078	0x00000008	[195] __ZN4_STL9money_putIcNS_19ostreambuf_iteratorIcNS_11char_traitsIcEEEEE2idE
0x00092080	0x00000008	[195] __ZN4_STL9money_getIwNS_19istreambuf_iteratorIwNS_11char_traitsIwEEEEE2idE
0x00092088	0x00000004	[195] __ZN4_STL9money_putIwNS_19ostreambuf_iteratorIwNS_11char_traitsIwEEEEE2idE
0x00092090	0x00000008	[196] __ZN4_STL7num_getIwNS_19istreambuf_iteratorIwNS_11char_traitsIwEEEEE2idE
0x00092098	0x00000004	[196] __ZN4_STL7num_getIcNS_19istreambuf_iteratorIcNS_11char_traitsIcEEEEE2idE
0x000920A0	0x00000008	[198] __ZN4_STL7num_putIcNS_19ostreambuf_iteratorIcNS_11char_traitsIcEEEEE2idE
0x000920A8	0x00000004	[198] __ZN4_STL7num_putIwNS_19ostreambuf_iteratorIwNS_11char_traitsIwEEEEE2idE
0x000920B0	0x00000010	[200] __ZN4_STL8numpunctIwE12_M_falsenameE
0x000920C0	0x00000010	[200] __ZN4_STL8numpunctIwE11_M_truenameE
0x000920D0	0x00000010	[200] __ZN4_STL8numpunctIcE12_M_falsenameE
0x000920E0	0x00000010	[200] __ZN4_STL8numpunctIcE11_M_truenameE
0x000920F0	0x00000010	[200] __ZN4_STL8numpunctIcE11_M_groupingE
0x00092100	0x0000000C	[200] __ZN4_STL8numpunctIwE11_M_groupingE
0x00092110	0x00000008	[202] __ZN4_STL8time_getIcNS_19istreambuf_iteratorIcNS_11char_traitsIcEEEEE2idE
0x00092118	0x00000008	[202] __ZN4_STL8time_putIcNS_19ostreambuf_iteratorIcNS_11char_traitsIcEEEEE2idE
0x00092120	0x00000008	[202] __ZN4_STL8time_getIwNS_19istreambuf_iteratorIwNS_11char_traitsIwEEEEE2idE
0x00092128	0x00000004	[202] __ZN4_STL8time_putIwNS_19ostreambuf_iteratorIwNS_11char_traitsIwEEEEE2idE
0x0009212C	0x00000004	[207] _g_CrtFilesLock
0x00092130	0x00000004	[207] _g_DelayedCreationLock
0x00092134	0x00000004	[207] _g_CrtOpenDirsLock
0x00092138	0x00000004	[207] _g_CrtSockets
0x0009213C	0x00000004	[207] ___s3eStackBase
0x00092140	0x00000004	[213] _g_PThreadChecked
0x00092144	0x00000004	[213] _g_PThreadPresent
0x00092148	0x00000004	[217] _g_StdinLen
0x0009214C	0x00000004	[221] _g_TLS
0x00092160	0x00002928	[223] _g_DebugGlobals
0x00094AA0	0x00000100	[492] ___hexdig
0x00094BA0	0x00000001	[  2] __ZN4_STLL8_LocInitE
0x00094BA1	0x00000001	[  2] __ZN4_STLL8_IosInitE
0x00094BA2	0x00000001	[  3] __ZN4_STLL8_LocInitE
0x00094BA3	0x00000001	[  3] __ZN4_STLL8_IosInitE
0x00094BA4	0x00000001	[  4] __ZN4_STLL8_LocInitE
0x00094BA5	0x00000001	[  4] __ZN4_STLL8_IosInitE
0x00094BA6	0x00000001	[  5] __ZN4_STLL8_LocInitE
0x00094BA7	0x00000001	[  5] __ZN4_STLL8_IosInitE
0x00094BA8	0x00000004	[  9] __ZL19g_StackReferencePtr
0x00094BAC	0x00000004	[  9] __ZL17g_CallStackThread
0x00094BB0	0x00000008	[  9] __ZL11g_CallStack
0x00094BB8	0x00000001	[ 15] __ZZL12IW_FIXED_MULiiE21_s_IwAssertIgnoreThis.b
0x00094BB9	0x00000001	[ 15] __ZZL12IW_FIXED_DIViiE21_s_IwAssertIgnoreThis.b
0x00094BBA	0x00000001	[ 15] __ZZNK8CIwSVec325GetLengthSquaredUnshiftedEvE21_s_IwAssertIgnoreThis.b
0x00094BBB	0x00000001	[ 15] __ZZN8CIwSVec313NormaliseSlowEvE21_s_IwAssertIgnoreThis.b
0x00094BBC	0x00000001	[ 15] __ZZN8CIwSVec313NormaliseSlowEvE21_s_IwAssertIgnoreThis_0.b
0x00094BBD	0x00000001	[ 15] __ZZN8CIwSVec313NormaliseSlowEvE21_s_IwAssertIgnoreThis_1.b
0x00094BBE	0x00000001	[ 15] __ZZN8CIwSVec313NormaliseSlowEvE21_s_IwAssertIgnoreThis_2.b
0x00094BC0	0x00000010	[ 21] __ZL29s_IwGxBinaryBlockSerialiseFns
0x00094BD0	0x000000A0	[ 21] __ZL21s_IwGxBinaryDebugTabs
0x00094C70	0x00000200	[ 31] __ZL14s_TextureNames
0x00094E70	0x00000080	[ 31] __ZL18s_VertexShaderName
0x00094EF0	0x000000A0	[ 31] __ZL17s_CacheNameString
0x00094F90	0x00000001	[162] __ZZL15GetEGLConfigIcfvE21_s_IwAssertIgnoreThis.b
0x00094F91	0x00000001	[162] __ZZL15GetEGLConfigIcfvE21_s_IwAssertIgnoreThis_0.b
0x00094F92	0x00000001	[162] __ZL23g_s3eGLEGLZeroIsNoError
0x00094F93	0x00000001	[162] __ZZ20s3eGLChooseEGLConfigPvRS_hE15s_DumpedConfigs.b
0x00094FA0	0x00000001	[163] __ZZ10IwGLGetIntE21_s_IwAssertIgnoreThis.b
0x00094FA1	0x00000001	[163] __ZZN16CIwGLErrorSentryD4EvE21_s_IwAssertIgnoreThis.b
0x00094FA2	0x00000001	[163] __ZZ10IwGLSetIntE21_s_IwAssertIgnoreThis.b
0x00094FA3	0x00000001	[163] __ZZ14IwGLCheckErrorE21_s_IwAssertIgnoreThis.b
0x00094FA4	0x00000001	[163] __ZZN16CIwGLErrorSentryC4EPKczE21_s_IwAssertIgnoreThis.b
0x00094FA5	0x00000001	[163] __ZZN16CIwGLErrorSentryC4EPKczE21_s_IwAssertIgnoreThis_0.b
0x00094FA6	0x00000001	[163] __ZZN16CIwGLErrorSentryC4EPKczE21_s_IwAssertIgnoreThis_1.b
0x00094FA7	0x00000001	[163] __ZZ10IwGLResumeE21_s_IwAssertIgnoreThis.b
0x00094FA8	0x00000001	[163] __ZZ11IwGLSuspendE21_s_IwAssertIgnoreThis.b
0x00094FA9	0x00000007	[163] __ZZ11IwGLSuspendE21_s_IwAssertIgnoreThis_0.b
0x00094FB0	0x00000100	[163] __ZL18s_IwGLMetricString
0x000950B0	0x00000004	[163] __ZL17g_IwGLInitialised
0x000950B4	0x00000001	[163] __ZZ13IwGLTerminateE21_s_IwAssertIgnoreThis.b
0x000950B5	0x00000001	[164] __ZZL7CompilejPKcE21_s_IwAssertIgnoreThis.b
0x000950B8	0x00000001	[165] __ZZ15IwGLSwapBuffersE21_s_IwAssertIgnoreThis.b
0x000950B9	0x00000001	[165] __ZZ15IwGLSwapBuffersE21_s_IwAssertIgnoreThis_0.b
0x000950BA	0x00000002	[165] __ZZ17_IwGLTerminateEGLE21_s_IwAssertIgnoreThis.b
0x000950BC	0x00000004	[165] __ZL17s_EGLMajorVersion
0x000950C0	0x00000004	[165] __ZL17s_EGLMinorVersion
0x000950C4	0x00000001	[165] __ZZ18_IwGLCreateContextvE21_s_IwAssertIgnoreThis.b
0x000950C5	0x00000001	[165] __ZZ18_IwGLCreateContextvE21_s_IwAssertIgnoreThis_0.b
0x000950C6	0x00000001	[165] __ZZ18_IwGLCreateContextvE21_s_IwAssertIgnoreThis_1.b
0x000950C7	0x00000001	[165] __ZZ12_IwGLInitEGLE6s_Once.b
0x000950C8	0x00000001	[167] __ZZ18glProgramBinaryOESE21_s_IwAssertIgnoreThis.b
0x000950C9	0x00000001	[168] __ZZ24IwGLFBOSetImplementationE21_s_IwAssertIgnoreThis.b
0x000950CA	0x00000001	[168] __ZZ24IwGLFBOSetImplementationE21_s_IwAssertIgnoreThis_0.b
0x000950CB	0x00000001	[168] __ZZ24IwGLFBOSetImplementationE21_s_IwAssertIgnoreThis_1.b
0x000950CC	0x00000001	[168] __ZZ24IwGLFBOSetImplementationE21_s_IwAssertIgnoreThis_2.b
0x000950CD	0x00000001	[168] __ZZ24IwGLFBOSetImplementationE21_s_IwAssertIgnoreThis_3.b
0x000950CE	0x00000001	[168] __ZZ24IwGLFBOSetImplementationE21_s_IwAssertIgnoreThis_4.b
0x000950CF	0x00000001	[168] __ZZ24IwGLFBOSetImplementationE21_s_IwAssertIgnoreThis_5.b
0x000950D0	0x00000001	[168] __ZZ24IwGLFBOSetImplementationE21_s_IwAssertIgnoreThis_6.b
0x000950D1	0x00000001	[168] __ZZ24IwGLFBOSetImplementationE21_s_IwAssertIgnoreThis_7.b
0x000950D2	0x00000001	[168] __ZZ24IwGLFBOSetImplementationE21_s_IwAssertIgnoreThis_8.b
0x000950D3	0x00000001	[168] __ZZ24IwGLFBOSetImplementationE21_s_IwAssertIgnoreThis_9.b
0x000950D4	0x00000001	[168] __ZZ24IwGLFBOSetImplementationE21_s_IwAssertIgnoreThis_10.b
0x000950D5	0x00000001	[168] __ZZ24IwGLFBOSetImplementationE21_s_IwAssertIgnoreThis_11.b
0x000950D6	0x00000001	[168] __ZZ24IwGLFBOSetImplementationE21_s_IwAssertIgnoreThis_12.b
0x000950D7	0x00000001	[168] __ZZ24IwGLFBOSetImplementationE21_s_IwAssertIgnoreThis_13.b
0x000950D8	0x00000001	[169] __ZZN19CIwGLFramebufferObj6AttachEjjjE21_s_IwAssertIgnoreThis.b
0x000950D9	0x00000001	[171] __ZZ23iwgl_glUniformMatrix4fvE21_s_IwAssertIgnoreThis.b
0x000950DA	0x00000001	[171] __ZZ16iwgl_glUniform4fE21_s_IwAssertIgnoreThis.b
0x000950DB	0x00000001	[171] __ZZ16iwgl_glUniform1iE21_s_IwAssertIgnoreThis.b
0x000950DC	0x00000001	[171] __ZZ23IwGLGetProgramBinaryOESE21_s_IwAssertIgnoreThis.b
0x000950DD	0x00000001	[171] __ZZ20IwGLProgramBinaryOESE21_s_IwAssertIgnoreThis.b
0x000950DE	0x00000001	[171] __ZZ25iwgl_glGetUniformLocationE21_s_IwAssertIgnoreThis.b
0x000950DF	0x00000001	[171] __ZZL24IwGLGenerateShaderBinaryjE21_s_IwAssertIgnoreThis.b
0x000950E0	0x00000001	[171] __ZZL24IwGLGenerateShaderBinaryjE21_s_IwAssertIgnoreThis_0.b
0x000950E1	0x00000001	[171] __ZZL24IwGLGenerateShaderBinaryjE21_s_IwAssertIgnoreThis_1.b
0x000950E2	0x00000001	[171] __ZZL24IwGLGenerateShaderBinaryjE21_s_IwAssertIgnoreThis_2.b
0x000950E3	0x00000001	[171] __ZZL24IwGLGenerateShaderBinaryjE21_s_IwAssertIgnoreThis_3.b
0x000950E4	0x00000001	[171] __ZZL24IwGLGenerateShaderBinaryjE21_s_IwAssertIgnoreThis_4.b
0x000950E5	0x00000001	[171] __ZZL24IwGLGenerateShaderBinaryjE21_s_IwAssertIgnoreThis_5.b
0x000950E6	0x00000001	[171] __ZZL24IwGLGenerateShaderBinaryjE21_s_IwAssertIgnoreThis_6.b
0x000950E7	0x00000001	[171] __ZZL20IwGLLoadShaderBinaryjE21_s_IwAssertIgnoreThis.b
0x000950E8	0x00000001	[171] __ZZL20IwGLLoadShaderBinaryjE21_s_IwAssertIgnoreThis_0.b
0x000950E9	0x00000001	[172] __ZZN15CIwGLProgramObj18BindAttribLocationEjPKcE21_s_IwAssertIgnoreThis.b
0x000950EA	0x00000001	[172] __ZZN15CIwGLProgramObj18glUniformMatrix4fvEiihPKfE21_s_IwAssertIgnoreThis.b
0x000950EB	0x00000001	[172] __ZZN15CIwGLProgramObj11glUniform1iEiiE21_s_IwAssertIgnoreThis.b
0x000950EC	0x00000001	[172] __ZZN15CIwGLProgramObj11glUniform4fEiffffE21_s_IwAssertIgnoreThis.b
0x000950ED	0x00000001	[173] __ZZN16CIwGLCachedState4PushEvE21_s_IwAssertIgnoreThis.b
0x000950EE	0x00000001	[174] __ZZL9GetHandlejbE21_s_IwAssertIgnoreThis.b
0x000950EF	0x00000001	[174] __ZZL9GetHandlejbE21_s_IwAssertIgnoreThis_0.b
0x000950F0	0x00000001	[174] __ZZ18iwgl_glBindTextureE21_s_IwAssertIgnoreThis.b
0x000950F1	0x00000001	[174] __ZZ20iwgl_glActiveTextureE21_s_IwAssertIgnoreThis.b
0x000950F2	0x00000001	[175] __ZZN11CIwGLTexObj8GetLevelEjiE21_s_IwAssertIgnoreThis.b
0x000950F3	0x00000001	[175] __ZZN11CIwGLTexObj8GetLevelEjiE21_s_IwAssertIgnoreThis_0.b
0x000950F4	0x00000001	[175] __ZZN11CIwGLTexObj8GetLevelEjiE21_s_IwAssertIgnoreThis_1.b
0x000950F5	0x00000001	[175] __ZZN11CIwGLTexObj8ValidateEvE21_s_IwAssertIgnoreThis.b
0x000950F6	0x00000001	[175] __ZZN11CIwGLTexObj8ValidateEvE21_s_IwAssertIgnoreThis_0.b
0x000950F7	0x00000001	[175] __ZZN11CIwGLTexObj8ValidateEvE21_s_IwAssertIgnoreThis_1.b
0x000950F8	0x00000001	[175] __ZZL12GetImageSizeiiiE21_s_IwAssertIgnoreThis.b
0x000950F9	0x00000001	[175] __ZZL12GetImageSizeiiiE21_s_IwAssertIgnoreThis_0.b
0x000950FA	0x00000001	[175] __ZZL12GetImageSizeiiiE21_s_IwAssertIgnoreThis_1.b
0x000950FB	0x00000001	[175] __ZZN11CIwGLTexObj8SetParamEjiE21_s_IwAssertIgnoreThis.b
0x000950FC	0x00000001	[175] __ZZN11CIwGLTexObj6UploadEjiiijjPKvE21_s_IwAssertIgnoreThis.b
0x000950FD	0x00000001	[175] __ZZN11CIwGLTexObj6UploadEjiiijjPKvE21_s_IwAssertIgnoreThis_0.b
0x000950FE	0x00000001	[175] __ZZN11CIwGLTexObj16CompressedUploadEjijiiiPKvE21_s_IwAssertIgnoreThis.b
0x000950FF	0x00000001	[175] __ZZN11CIwGLTexObj16CompressedUploadEjijiiiPKvE21_s_IwAssertIgnoreThis_0.b
0x00095100	0x00000001	[175] __ZZN11CIwGLTexObj7SuspendEPjE21_s_IwAssertIgnoreThis.b
0x00095101	0x00000001	[176] __ZZ17iwgl_glBindBufferE21_s_IwAssertIgnoreThis.b
0x00095102	0x00000001	[178] __ZZ17IwGLDrawLetterboxvE21_s_IwAssertIgnoreThis.b
0x00095103	0x00000001	[178] __ZZ26IwGLVirtualResOnScreenSizeP21s3eSurfaceOrientationPvE21_s_IwAssertIgnoreThis.b
0x00095104	0x00000001	[179] __ZZ15iwgl_glTexEnvxvE21_s_IwAssertIgnoreThis.b
0x00095105	0x00000001	[179] __ZZ15iwgl_glTexEnvxvE21_s_IwAssertIgnoreThis_0.b
0x00095106	0x00000001	[179] __ZZ14iwgl_glTexEnvxE21_s_IwAssertIgnoreThis.b
0x00095107	0x00000001	[179] __ZZ14iwgl_glTexEnvxE21_s_IwAssertIgnoreThis_0.b
0x00095108	0x00000001	[179] __ZZ14iwgl_glTexEnviE21_s_IwAssertIgnoreThis.b
0x00095109	0x00000001	[179] __ZZ14iwgl_glTexEnviE21_s_IwAssertIgnoreThis_0.b
0x0009510A	0x00000001	[179] __ZZ18iwgl_glPixelStoreiE21_s_IwAssertIgnoreThis.b
0x0009510B	0x00000001	[179] __ZZ17iwgl_glMaterialxvE21_s_IwAssertIgnoreThis.b
0x0009510C	0x00000001	[179] __ZZ16iwgl_glMaterialxE21_s_IwAssertIgnoreThis.b
0x0009510D	0x00000001	[179] __ZZ16iwgl_glMaterialxE21_s_IwAssertIgnoreThis_0.b
0x0009510E	0x00000001	[179] __ZZ14iwgl_glLightxvE21_s_IwAssertIgnoreThis.b
0x0009510F	0x00000001	[179] __ZZ13iwgl_glLightxE21_s_IwAssertIgnoreThis.b
0x00095110	0x00000001	[179] __ZZ19iwgl_glLightModelxvE21_s_IwAssertIgnoreThis.b
0x00095111	0x00000001	[179] __ZZ18iwgl_glLightModelxE21_s_IwAssertIgnoreThis.b
0x00095112	0x00000001	[179] __ZZ11iwgl_glHintE21_s_IwAssertIgnoreThis.b
0x00095113	0x00000001	[179] __ZZ12iwgl_glFogxvE21_s_IwAssertIgnoreThis.b
0x00095114	0x00000001	[179] __ZZ11iwgl_glFogxE21_s_IwAssertIgnoreThis.b
0x00095115	0x00000001	[179] __ZZ24iwgl_glEnableClientStateE21_s_IwAssertIgnoreThis.b
0x00095116	0x00000001	[179] __ZZ13iwgl_glEnableE21_s_IwAssertIgnoreThis.b
0x00095117	0x00000001	[179] __ZZ25iwgl_glDisableClientStateE21_s_IwAssertIgnoreThis.b
0x00095118	0x00000001	[179] __ZZ14iwgl_glDisableE21_s_IwAssertIgnoreThis.b
0x00095119	0x00000001	[179] __ZZ15iwgl_glTexEnvfvE21_s_IwAssertIgnoreThis.b
0x0009511A	0x00000001	[179] __ZZ15iwgl_glTexEnvfvE21_s_IwAssertIgnoreThis_0.b
0x0009511B	0x00000001	[179] __ZZ14iwgl_glTexEnvfE21_s_IwAssertIgnoreThis.b
0x0009511C	0x00000001	[179] __ZZ14iwgl_glTexEnvfE21_s_IwAssertIgnoreThis_0.b
0x0009511D	0x00000001	[179] __ZZ17iwgl_glMaterialfvE21_s_IwAssertIgnoreThis.b
0x0009511E	0x00000001	[179] __ZZ16iwgl_glMaterialfE21_s_IwAssertIgnoreThis.b
0x0009511F	0x00000001	[179] __ZZ16iwgl_glMaterialfE21_s_IwAssertIgnoreThis_0.b
0x00095120	0x00000001	[179] __ZZ14iwgl_glLightfvE21_s_IwAssertIgnoreThis.b
0x00095121	0x00000001	[179] __ZZ13iwgl_glLightfE21_s_IwAssertIgnoreThis.b
0x00095122	0x00000001	[179] __ZZ19iwgl_glLightModelfvE21_s_IwAssertIgnoreThis.b
0x00095123	0x00000001	[179] __ZZ18iwgl_glLightModelfE21_s_IwAssertIgnoreThis.b
0x00095124	0x00000001	[179] __ZZ12iwgl_glFogfvE21_s_IwAssertIgnoreThis.b
0x00095125	0x00000001	[179] __ZZ11iwgl_glFogfE21_s_IwAssertIgnoreThis.b
0x00095128	0x00000001	[190] __ZN4_STLL8_LocInitE
0x00095140	0x00000010	[193] __ZN4_STLL12_S_b_classicE
0x00095150	0x00000010	[193] __ZN4_STLL9_NamelessE
0x00095160	0x00000010	[193] __ZN4_STLL14_Null_messagesE
0x00095170	0x00000018	[193] __ZN4_STLL17_S_classic_localeE
0x00095188	0x00000018	[193] __ZN4_STLL15_S_collate_charE
0x000951A0	0x00000018	[193] __ZN4_STLL13_S_ctype_charE
0x000951B8	0x00000018	[193] __ZN4_STLL15_S_codecvt_charE
0x000951D0	0x00000020	[193] __ZN4_STLL23_S_moneypunct_true_charE
0x000951F0	0x00000018	[193] __ZN4_STLL24_S_moneypunct_false_charE
0x00095208	0x00000010	[193] __ZN4_STLL16_S_numpunct_charE
0x00095218	0x00000010	[193] __ZN4_STLL16_S_messages_charE
0x00095228	0x00000010	[193] __ZN4_STLL17_S_money_get_charE
0x00095238	0x00000010	[193] __ZN4_STLL17_S_money_put_charE
0x00095248	0x00000010	[193] __ZN4_STLL15_S_num_get_charE
0x00095258	0x00000028	[193] __ZN4_STLL15_S_num_put_charE
0x00095280	0x00000240	[193] __ZN4_STLL16_S_time_get_charE
0x000954C0	0x00000228	[193] __ZN4_STLL16_S_time_put_charE
0x000956E8	0x00000010	[193] __ZN4_STLL16_S_collate_wcharE
0x000956F8	0x00000010	[193] __ZN4_STLL14_S_ctype_wcharE
0x00095708	0x00000018	[193] __ZN4_STLL16_S_codecvt_wcharE
0x00095720	0x00000020	[193] __ZN4_STLL24_S_moneypunct_true_wcharE
0x00095740	0x00000018	[193] __ZN4_STLL25_S_moneypunct_false_wcharE
0x00095758	0x00000010	[193] __ZN4_STLL17_S_numpunct_wcharE
0x00095768	0x00000010	[193] __ZN4_STLL17_S_messages_wcharE
0x00095778	0x00000010	[193] __ZN4_STLL18_S_money_get_wcharE
0x00095788	0x00000010	[193] __ZN4_STLL18_S_money_put_wcharE
0x00095798	0x00000010	[193] __ZN4_STLL16_S_num_get_wcharE
0x000957A8	0x00000018	[193] __ZN4_STLL16_S_num_put_wcharE
0x000957C0	0x00000240	[193] __ZN4_STLL17_S_time_get_wcharE
0x00095A00	0x00000228	[193] __ZN4_STLL17_S_time_put_wcharE
0x00095C40	0x00000280	[207] __ZL7g_Files
0x00095EDF	0x00000001	[207] __ZZ5abortE8aborting.b
0x00095EE0	0x00000001	[207] __ZZ5abortE21_s_IwAssertIgnoreThis.b
0x00095EEF	0x00000001	[207] __ZZ22set_errno_from_s3efileE21_s_IwAssertIgnoreThis.b
0x00095EFE	0x00000001	[207] __ZZ8_IwCloseE21_s_IwAssertIgnoreThis.b
0x00095F00	0x00000100	[208] __ZL9g_AppName
0x00096000	0x00000004	[209] __ZL15g_AlignedAllocs
0x00096004	0x00000001	[211] __ZZ20pthread_mutex_unlockE21_s_IwAssertIgnoreThis.b
0x00096020	0x00000020	[212] __ZZL11getTLSBlocklE21_s_IwAssertIgnoreThis.b
0x00096040	0x00000400	[212] __ZL11g_TLSBlocks
0x00096440	0x00000014	[212] __ZL13g_TLSKeysLock
0x00096454	0x00000004	[212] __ZL6g_Keys
0x00096458	0x00000004	[212] __ZL9g_NumKeys
0x0009645C	0x00000004	[214] __ZL14g_exit_handler
0x00096460	0x00000001	[214] __ZZ5raiseE21_s_IwAssertIgnoreThis.b
0x00096480	0x00000400	[215] __ZL9g_Sockets
0x00096880	0x00000010	[216] __ZL13s_freeSetting
0x00096890	0x00000001	[217] __ZL17g_ConfigCheckDone.b
0x00096891	0x00000003	[217] __ZL13g_ConsoleMode.b
0x00096894	0x00000004	[217] __ZL15g_ConsoleString
0x00096898	0x00000004	[217] __ZL13g_StdinBuffer
0x0009689C	0x00000004	[217] __ZL12g_StdoutFile
0x000968A0	0x00000004	[217] __ZL12g_StderrFile
0x000968A4	0x00000004	[217] __ZL11g_StdinFile
0x000968A8	0x00000001	[217] __ZZL10DrawCursorbbE7g_White
0x000968A9	0x00000003	[217] __ZL12g_StdinEnded.b
0x000968AC	0x00000004	[217] __ZL12g_StdinStart
0x000968B0	0x00000014	[217] __ZL7g_Mutex
0x000968C4	0x00000004	[217] __ZL14g_TracelineErr
0x000968C8	0x00000004	[217] __ZL14g_TracelineOut
0x000968CC	0x00000004	[222] __ZL7current
0x000968D0	0x00000004	[222] __ZL3def
0x000968D4	0x00000001	[223] __ZZ23IwDebugTraceLineVPrintfE9g_InTrace.b
0x000968D5	0x00000001	[224] __ZZ16IwPathGetDirnameE21_s_IwAssertIgnoreThis.b
0x000968D6	0x00000001	[224] __ZZ16IwPathGetDirnameE21_s_IwAssertIgnoreThis_0.b
0x000968E0	0x00000001	[225] __ZL8g_GotExt.b
0x000968E1	0x0000001F	[225] __ZL15g_TriedNoMsgExt.b
0x00096900	0x00000048	[225] __ZL5g_Ext
0x00096948	0x00000001	[225] __ZL10g_TriedExt.b
0x00096950	0x00000001	[226] __ZL8g_GotExt.b
0x00096951	0x00000007	[226] __ZL15g_TriedNoMsgExt.b
0x00096958	0x00000004	[226] __ZL5g_Ext
0x0009695C	0x00000001	[226] __ZL10g_TriedExt.b
0x00096960	0x00000001	[227] __ZL8g_GotExt.b
0x00096961	0x0000001F	[227] __ZL15g_TriedNoMsgExt.b
0x00096980	0x0000004C	[227] __ZL5g_Ext
0x000969CC	0x00000001	[227] __ZL10g_TriedExt.b
0x000969E0	0x00000300	[230] __ZL9g_Message
0x00096CE0	0x00000020	[231] __ZL12current_func
0x00096D00	0x00000FA0	[231] __ZL10exit_funcs
0x00097CA0	0x00000FA0	[231] __ZL9exit_args
0x00098C40	0x00000014	[506] _ezero
0x00098C60	0x000000FC	[554] __time_locale
0x00098D5C	0x00000004	[554] __time_using_locale
0x00098D60	0x00000004	[557] _prev_tzenv
0x00098D64	0x0000000B	[557] ___tzname_std
0x00098D6F	0x0000000B	[557] ___tzname_dst
